Component: ARM Compiler 5.06 update 6 (build 750) Tool: armlink [4d35ed]

==============================================================================

Section Cross References

    thread.o(i.Init_Thread) refers to gpio_lpc17xx.o(i.GPIO_SetDir) for GPIO_SetDir
    thread.o(i.Init_Thread) refers to rt_cmsis.o(i.osThreadCreate) for osThreadCreate
    thread.o(i.Init_Thread) refers to rt_cmsis.o(i.osTimerCreate) for osTimerCreate
    thread.o(i.Init_Thread) refers to thread.o(.constdata) for os_thread_def_state
    thread.o(i.Init_Thread) refers to thread.o(.data) for id_state
    thread.o(i.lcd) refers to _printf_percent.o(.ARM.Collect$$_printf_percent$$00000000) for _printf_percent
    thread.o(i.lcd) refers to _printf_f.o(.ARM.Collect$$_printf_percent$$00000003) for _printf_f
    thread.o(i.lcd) refers to printf1.o(x$fpl$printf1) for _printf_fp_dec
    thread.o(i.lcd) refers to ldc.o(i.init_lcd) for init_lcd
    thread.o(i.lcd) refers to ldc.o(i.LCD_reset) for LCD_reset
    thread.o(i.lcd) refers to sensortemp.o(i.getData) for getData
    thread.o(i.lcd) refers to ldc.o(i.copy_to_lcd) for copy_to_lcd
    thread.o(i.lcd) refers to ldc.o(i.empezar) for empezar
    thread.o(i.lcd) refers to noretval__2sprintf.o(.text) for __2sprintf
    thread.o(i.lcd) refers to ldc.o(i.EscribeLetra_L1) for EscribeLetra_L1
    thread.o(i.lcd) refers to thread.o(.bss) for buffer_aux1
    thread.o(i.lcd) refers to thread.o(.data) for i
    thread.o(i.rebote_Callback) refers to rt_cmsis.o(i.osSignalSet) for osSignalSet
    thread.o(i.rebote_Callback) refers to thread.o(.data) for id_state
    thread.o(i.state) refers to rt_cmsis.o(i.osSignalWait) for osSignalWait
    thread.o(i.state) refers to rt_cmsis.o(i.osTimerStart) for osTimerStart
    thread.o(i.state) refers to gpio_lpc17xx.o(i.GPIO_PinWrite) for GPIO_PinWrite
    thread.o(i.state) refers to rt_cmsis.o(i.osSignalClear) for osSignalClear
    thread.o(i.state) refers to thread.o(.data) for rebo
    thread.o(.constdata) refers to thread.o(i.lcd) for lcd
    thread.o(.constdata) refers to thread.o(i.state) for state
    thread.o(.constdata) refers to thread.o(i.rebote_Callback) for rebote_Callback
    thread.o(.constdata) refers to thread.o(.bss) for os_timer_cb_rebote
    main.o(i.main) refers to rt_cmsis.o(i.osKernelInitialize) for osKernelInitialize
    main.o(i.main) refers to joystick.o(i.Init_Joy) for Init_Joy
    main.o(i.main) refers to thread.o(i.Init_Thread) for Init_Thread
    main.o(i.main) refers to sensortemp.o(i.Init_I2C) for Init_I2C
    main.o(i.main) refers to rt_cmsis.o(i.osKernelStart) for osKernelStart
    ldc.o(i.EscribeLetra_L1) refers to ldc.o(.data) for comienzo
    ldc.o(i.EscribeLetra_L1) refers to ldc.o(.constdata) for Arial12x12
    ldc.o(i.EscribeLetra_L1) refers to ldc.o(.bss) for buffer
    ldc.o(i.EscribeLetra_L2) refers to ldc.o(.data) for comienzo
    ldc.o(i.EscribeLetra_L2) refers to ldc.o(.constdata) for Arial12x12
    ldc.o(i.EscribeLetra_L2) refers to ldc.o(.bss) for buffer
    ldc.o(i.LCD_reset) refers to ldc.o(i.wr_cmd) for wr_cmd
    ldc.o(i.copy_to_lcd) refers to ldc.o(i.wr_cmd) for wr_cmd
    ldc.o(i.copy_to_lcd) refers to ldc.o(i.wr_data) for wr_data
    ldc.o(i.copy_to_lcd) refers to ldc.o(.bss) for buffer
    ldc.o(i.empezar) refers to ldc.o(.data) for PosicionL1
    ldc.o(i.init_lcd) refers to gpio_lpc17xx.o(i.GPIO_SetDir) for GPIO_SetDir
    ldc.o(i.init_lcd) refers to gpio_lpc17xx.o(i.GPIO_PinWrite) for GPIO_PinWrite
    ldc.o(i.init_lcd) refers to ldc.o(i.reset_lcd) for reset_lcd
    ldc.o(i.init_lcd) refers to ldc.o(.data) for SPIdrv
    ldc.o(i.reset_lcd) refers to gpio_lpc17xx.o(i.GPIO_PinWrite) for GPIO_PinWrite
    ldc.o(i.reset_lcd) refers to ldc.o(i.retardo_us) for retardo_us
    ldc.o(i.retardo_us) refers to ldc.o(.data) for j
    ldc.o(i.wr_cmd) refers to gpio_lpc17xx.o(i.GPIO_PinWrite) for GPIO_PinWrite
    ldc.o(i.wr_cmd) refers to ldc.o(.data) for SPIdrv
    ldc.o(i.wr_data) refers to gpio_lpc17xx.o(i.GPIO_PinWrite) for GPIO_PinWrite
    ldc.o(i.wr_data) refers to ldc.o(.data) for SPIdrv
    ldc.o(.data) refers to ssp_lpc17xx.o(.constdata) for Driver_SPI1
    joystick.o(i.EINT3_IRQHandler) refers to rt_cmsis.o(i.osSignalSet) for osSignalSet
    joystick.o(i.EINT3_IRQHandler) refers to rt_cmsis.o(i.osTimerStart) for osTimerStart
    joystick.o(i.EINT3_IRQHandler) refers to thread.o(.data) for id_state
    joystick.o(i.EINT3_IRQHandler) refers to joystick.o(.data) for larga
    joystick.o(i.Init_Joy) refers to gpio_lpc17xx.o(i.GPIO_SetDir) for GPIO_SetDir
    joystick.o(i.Init_Joy) refers to pin_lpc17xx.o(i.PIN_Configure) for PIN_Configure
    joystick.o(i.Init_Joy) refers to rt_cmsis.o(i.osTimerCreate) for osTimerCreate
    joystick.o(i.Init_Joy) refers to joystick.o(.constdata) for os_timer_def_larga
    joystick.o(i.Init_Joy) refers to joystick.o(.data) for larga
[...]
    i.rt_sem_psh                             0x000049e0   Section        0  rt_semaphore.o(i.rt_sem_psh)
    i.rt_stk_check                           0x00004a14   Section        0  rt_system.o(i.rt_stk_check)
    i.rt_switch_req                          0x00004a38   Section        0  rt_task.o(i.rt_switch_req)
    i.rt_sys_init                            0x00004a60   Section        0  rt_task.o(i.rt_sys_init)
    i.rt_sys_start                           0x00004b2c   Section        0  rt_task.o(i.rt_sys_start)
    i.rt_systick                             0x00004ba4   Section        0  rt_system.o(i.rt_systick)
    i.rt_tid2ptcb                            0x00004be4   Section        0  rt_cmsis.o(i.rt_tid2ptcb)
    rt_tid2ptcb                              0x00004be5   Thumb Code    18  rt_cmsis.o(i.rt_tid2ptcb)
    i.rt_timer_insert                        0x00004bf8   Section        0  rt_cmsis.o(i.rt_timer_insert)
    rt_timer_insert                          0x00004bf9   Thumb Code    48  rt_cmsis.o(i.rt_timer_insert)
    i.rt_timer_remove                        0x00004c2c   Section        0  rt_cmsis.o(i.rt_timer_remove)
    rt_timer_remove                          0x00004c2d   Thumb Code    56  rt_cmsis.o(i.rt_timer_remove)
    i.rt_tsk_create                          0x00004c68   Section        0  rt_task.o(i.rt_tsk_create)
    i.rt_tsk_delete                          0x00004cf0   Section        0  rt_task.o(i.rt_tsk_delete)
    i.rt_tsk_prio                            0x00004e6c   Section        0  rt_task.o(i.rt_tsk_prio)
    i.rt_tsk_self                            0x00004ee8   Section        0  rt_task.o(i.rt_tsk_self)
    i.state                                  0x00004ef8   Section        0  thread.o(i.state)
    i.svcKernelInitialize                    0x00005058   Section        0  rt_cmsis.o(i.svcKernelInitialize)
    i.svcKernelStart                         0x000050c8   Section        0  rt_cmsis.o(i.svcKernelStart)
    i.svcMessageCreate                       0x00005110   Section        0  rt_cmsis.o(i.svcMessageCreate)
    i.svcMessageGet                          0x00005134   Section        0  rt_cmsis.o(i.svcMessageGet)
    i.svcSignalClear                         0x0000516e   Section        0  rt_cmsis.o(i.svcSignalClear)
    i.svcSignalSet                           0x00005192   Section        0  rt_cmsis.o(i.svcSignalSet)
    i.svcSignalWait                          0x000051b8   Section        0  rt_cmsis.o(i.svcSignalWait)
    i.svcThreadCreate                        0x0000520c   Section        0  rt_cmsis.o(i.svcThreadCreate)
    i.svcThreadGetId                         0x00005278   Section        0  rt_cmsis.o(i.svcThreadGetId)
    i.svcThreadTerminate                     0x00005294   Section        0  rt_cmsis.o(i.svcThreadTerminate)
    i.svcTimerCall                           0x000052cc   Section        0  rt_cmsis.o(i.svcTimerCall)
    i.svcTimerCreate                         0x000052e4   Section        0  rt_cmsis.o(i.svcTimerCreate)
    i.svcTimerStart                          0x0000531c   Section        0  rt_cmsis.o(i.svcTimerStart)
    i.sysTimerTick                           0x00005380   Section        0  rt_cmsis.o(i.sysTimerTick)
    i.wr_cmd                                 0x000053dc   Section        0  ldc.o(i.wr_cmd)
    i.wr_data                                0x00005410   Section        0  ldc.o(i.wr_data)
    locale$$code                             0x00005444   Section       44  lc_numeric_c.o(locale$$code)
    x$fpl$dfltu                              0x00005470   Section       38  dflt_clz.o(x$fpl$dfltu)
    x$fpl$dmul                               0x00005498   Section      340  dmul.o(x$fpl$dmul)
    x$fpl$dnaninf                            0x000055ec   Section      156  dnaninf.o(x$fpl$dnaninf)
    x$fpl$dretinf                            0x00005688   Section       12  dretinf.o(x$fpl$dretinf)
    x$fpl$printf1                            0x00005694   Section        4  printf1.o(x$fpl$printf1)
    .constdata                               0x00005698   Section       40  thread.o(.constdata)
    x$fpl$usenofp                            0x00005698   Section        0  usenofp.o(x$fpl$usenofp)
    .constdata                               0x000056c0   Section     2400  ldc.o(.constdata)
    .constdata                               0x00006020   Section        8  joystick.o(.constdata)
    .constdata                               0x00006028   Section      104  rtx_conf_cm.o(.constdata)
    __tagsym$$used                           0x00006044   Number         0  rtx_conf_cm.o(.constdata)
    __tagsym$$used                           0x00006048   Number         0  rtx_conf_cm.o(.constdata)
    __tagsym$$used                           0x0000604c   Number         0  rtx_conf_cm.o(.constdata)
    __tagsym$$used                           0x00006050   Number         0  rtx_conf_cm.o(.constdata)
    .constdata                               0x00006090   Section      124  ssp_lpc17xx.o(.constdata)
    DriverVersion                            0x00006090   Data           4  ssp_lpc17xx.o(.constdata)
    DriverCapabilities                       0x00006094   Data           4  ssp_lpc17xx.o(.constdata)
    SSP1_Resources                           0x00006098   Data          72  ssp_lpc17xx.o(.constdata)
    .constdata                               0x0000610c   Section      100  i2c_lpc17xx.o(.constdata)
    DriverVersion                            0x0000610c   Data           4  i2c_lpc17xx.o(.constdata)
    DriverCapabilities                       0x00006110   Data           4  i2c_lpc17xx.o(.constdata)
    I2C0_Resources                           0x00006114   Data          44  i2c_lpc17xx.o(.constdata)
    .constdata                               0x00006170   Section      148  bigflt0.o(.constdata)
    tenpwrs_x                                0x00006170   Data          60  bigflt0.o(.constdata)
    tenpwrs_i                                0x000061ac   Data          64  bigflt0.o(.constdata)
    locale$$data                             0x00006234   Section       28  lc_numeric_c.o(locale$$data)
    __lcnum_c_name                           0x00006238   Data           2  lc_numeric_c.o(locale$$data)
    __lcnum_c_start                          0x00006240   Data           0  lc_numeric_c.o(locale$$data)
    __lcnum_c_point                          0x0000624c   Data           0  lc_numeric_c.o(locale$$data)
    __lcnum_c_thousands                      0x0000624e   Data           0  lc_numeric_c.o(locale$$data)
    __lcnum_c_grouping                       0x0000624f   Data           0  lc_numeric_c.o(locale$$data)
    __lcnum_c_end                            0x00006250   Data           0  lc_numeric_c.o(locale$$data)
    .bss                                     0x10000000   Section     3016  rtx_conf_cm.o(.bss)
    std_libspace                             0x100008a8   Data         672  rtx_conf_cm.o(.bss)
    std_libmutex                             0x10000b48   Data         128  rtx_conf_cm.o(.bss)
    .data                                    0x2007c000   Section       18  thread.o(.data)
    min                                      0x2007c010   Data           1  thread.o(.data)
    i                                        0x2007c011   Data           1  thread.o(.data)
    .data                                    0x2007c014   Section       20  ldc.o(.data)
    j                                        0x2007c020   Data           4  ldc.o(.data)
    comienzo                                 0x2007c024   Data           2  ldc.o(.data)
    comienzo                                 0x2007c026   Data           2  ldc.o(.data)
    .data                                    0x2007c028   Section        5  joystick.o(.data)
    .data                                    0x2007c030   Section        4  sensortemp.o(.data)
    I2Cdrv                                   0x2007c030   Data           4  sensortemp.o(.data)
    .data                                    0x2007c034   Section       20  rtx_conf_cm.o(.data)
    nr_mutex                                 0x2007c044   Data           4  rtx_conf_cm.o(.data)
    .data                                    0x2007c048   Section       12  ssp_lpc17xx.o(.data)
    SSP1_pin_sck                             0x2007c048   Data           2  ssp_lpc17xx.o(.data)
    SSP1_pin_ssel                            0x2007c04a   Data           2  ssp_lpc17xx.o(.data)
    dummy_data                               0x2007c04c   Data           4  ssp_lpc17xx.o(.data)
    dummy_data                               0x2007c050   Data           4  ssp_lpc17xx.o(.data)
    .data                                    0x2007c054   Section        4  i2c_lpc17xx.o(.data)
    .data                                    0x2007c058   Section        8  gpdma_lpc17xx.o(.data)
    Channel_active                           0x2007c058   Data           4  gpdma_lpc17xx.o(.data)
    Init_cnt                                 0x2007c05c   Data           4  gpdma_lpc17xx.o(.data)
    .data                                    0x2007c060   Section        4  system_lpc17xx.o(.data)
    .data                                    0x2007c064   Section        8  rt_cmsis.o(.data)
    .data                                    0x2007c06c   Section        8  rt_task.o(.data)
    .data                                    0x2007c074   Section        8  rt_system.o(.data)
    os_lock                                  0x2007c074   Data           1  rt_system.o(.data)
    os_psh_flag                              0x2007c075   Data           1  rt_system.o(.data)
    pend_flags                               0x2007c076   Data           1  rt_system.o(.data)
    .data                                    0x2007c07c   Section        4  rt_time.o(.data)
    .data                                    0x2007c080   Section        8  rt_robin.o(.data)
    .data                                    0x2007c088   Section        1  hal_cm.o(.data)
    .bss                                     0x2007c08c   Section       39  thread.o(.bss)
    buffer_aux1                              0x2007c0a4   Data          15  thread.o(.bss)
    .bss                                     0x2007c0b3   Section      512  ldc.o(.bss)
    .bss                                     0x2007c2b4   Section       24  joystick.o(.bss)
    .bss                                     0x2007c2cc   Section       40  ssp_lpc17xx.o(.bss)
    SSP1_Info                                0x2007c2cc   Data          12  ssp_lpc17xx.o(.bss)
    SSP1_Xfer                                0x2007c2d8   Data          28  ssp_lpc17xx.o(.bss)
    .bss                                     0x2007c2f4   Section       36  i2c_lpc17xx.o(.bss)
    I2C0_Ctrl                                0x2007c2f4   Data          36  i2c_lpc17xx.o(.bss)
    .bss                                     0x2007c318   Section      160  gpdma_lpc17xx.o(.bss)
    Channel_info                             0x2007c318   Data         160  gpdma_lpc17xx.o(.bss)
    .bss                                     0x2007c3b8   Section       52  rt_task.o(.bss)
    .bss                                     0x2007c3ec   Section       48  rt_list.o(.bss)
    .bss                                     0x2007c41c   Section       96  libspace.o(.bss)
    HEAP                                     0x2007c480   Section        0  startup_lpc17xx.o(HEAP)
    STACK                                    0x2007c480   Section      512  startup_lpc17xx.o(STACK)
    Heap_Mem                                 0x2007c480   Data           0  startup_lpc17xx.o(HEAP)
    Stack_Mem                                0x2007c480   Data         512  startup_lpc17xx.o(STACK)
    __initial_sp                             0x2007c680   Data           0  startup_lpc17xx.o(STACK)

    Global Symbols

    Symbol Name                              Value     Ov Type        Size  Object(Section)

    BuildAttributes$$THM_ISAv4$P$D$K$B$S$PE$A:L22UL41UL21$X:L11$S22US41US21$IEEE1$IW$USESV6$~STKCKD$USESV7$~SHL$OTIME$ROPI$IEEEJ$EBA8$UX$STANDARDLIB$REQ8$PRES8$EABIv2 0x00000000   Number         0  anon$$obj.o ABSOLUTE
    __ARM_use_no_argv                        0x00000000   Number         0  main.o ABSOLUTE
    __Vectors                                0x00000000   Data           4  startup_lpc17xx.o(RESET)
    __ARM_exceptions_init                     - Undefined Weak Reference
    __alloca_initialize                       - Undefined Weak Reference
    __arm_preinit_                            - Undefined Weak Reference
    __cpp_initialize__aeabi_                  - Undefined Weak Reference
    __cxa_finalize                            - Undefined Weak Reference
    __sigvec_lookup                           - Undefined Weak Reference
    _atexit_init                              - Undefined Weak Reference
    _call_atexit_fns                          - Undefined Weak Reference
    _clock_init                               - Undefined Weak Reference
    _fp_trap_init                             - Undefined Weak Reference
    _fp_trap_shutdown                         - Undefined Weak Reference
    _get_lc_collate                           - Undefined Weak Reference
    _get_lc_ctype                             - Undefined Weak Reference
    _get_lc_monetary                          - Undefined Weak Reference
    _get_lc_time                              - Undefined Weak Reference
    _getenv_init                              - Undefined Weak Reference
    _handle_redirection                       - Undefined Weak Reference
    _init_alloc                               - Undefined Weak Reference
    _init_user_alloc                          - Undefined Weak Reference
    _initio                                   - Undefined Weak Reference
    _printf_post_padding                      - Undefined Weak Reference
    _printf_pre_padding                       - Undefined Weak Reference
    _rand_init                                - Undefined Weak Reference
    _signal_finish                            - Undefined Weak Reference
    _signal_init                              - Undefined Weak Reference
    _terminate_alloc                          - Undefined Weak Reference
    _terminate_user_alloc                     - Undefined Weak Reference
    _terminateio                              - Undefined Weak Reference
    __main                                   0x000000cd   Thumb Code     8  __main.o(!!!main)
    __scatterload                            0x000000d5   Thumb Code     0  __scatter.o(!!!scatter)
    __scatterload_rt2                        0x000000d5   Thumb Code    44  __scatter.o(!!!scatter)
    __scatterload_rt2_thumb_only             0x000000d5   Thumb Code     0  __scatter.o(!!!scatter)
    __scatterload_null                       0x000000e3   Thumb Code     0  __scatter.o(!!!scatter)
    __scatterload_copy                       0x00000109   Thumb Code    26  __scatter_copy.o(!!handler_copy)
    __scatterload_zeroinit                   0x00000125   Thumb Code    28  __scatter_zi.o(!!handler_zi)
    _printf_f                                0x00000141   Thumb Code     0  _printf_f.o(.ARM.Collect$$_printf_percent$$00000003)
    _printf_percent                          0x00000141   Thumb Code     0  _printf_percent.o(.ARM.Collect$$_printf_percent$$00000000)
    _printf_percent_end                      0x00000147   Thumb Code     0  _printf_percent_end.o(.ARM.Collect$$_printf_percent$$00000017)
    __rt_lib_init                            0x0000014b   Thumb Code     0  libinit.o(.ARM.Collect$$libinit$$00000000)
    __rt_lib_init_fp_1                       0x0000014d   Thumb Code     0  libinit2.o(.ARM.Collect$$libinit$$00000002)
    __rt_lib_init_heap_1                     0x0000014d   Thumb Code     0  libinit2.o(.ARM.Collect$$libinit$$0000000A)
    __rt_lib_init_lc_common                  0x0000014d   Thumb Code     0  libinit2.o(.ARM.Collect$$libinit$$0000000F)
    __rt_lib_init_preinit_1                  0x0000014d   Thumb Code     0  libinit2.o(.ARM.Collect$$libinit$$00000004)
    __rt_lib_init_rand_1                     0x0000014d   Thumb Code     0  libinit2.o(.ARM.Collect$$libinit$$0000000E)
    __rt_lib_init_user_alloc_1               0x0000014d   Thumb Code     0  libinit2.o(.ARM.Collect$$libinit$$0000000C)
    __rt_lib_init_lc_collate_1               0x00000153   Thumb Code     0  libinit2.o(.ARM.Collect$$libinit$$00000011)
    __rt_lib_init_lc_ctype_1                 0x00000153   Thumb Code     0  libinit2.o(.ARM.Collect$$libinit$$00000013)
    __rt_lib_init_lc_monetary_1              0x00000153   Thumb Code     0  libinit2.o(.ARM.Collect$$libinit$$00000015)
    __rt_lib_init_lc_numeric_2               0x00000153   Thumb Code     0  libinit2.o(.ARM.Collect$$libinit$$00000016)
    __rt_lib_init_alloca_1                   0x0000015d   Thumb Code     0  libinit2.o(.ARM.Collect$$libinit$$0000002E)
    __rt_lib_init_argv_1                     0x0000015d   Thumb Code     0  libinit2.o(.ARM.Collect$$libinit$$0000002C)
    __rt_lib_init_atexit_1                   0x0000015d   Thumb Code     0  libinit2.o(.ARM.Collect$$libinit$$0000001B)
    __rt_lib_init_clock_1                    0x0000015d   Thumb Code     0  libinit2.o(.ARM.Collect$$libinit$$00000021)
    __rt_lib_init_cpp_1                      0x0000015d   Thumb Code     0  libinit2.o(.ARM.Collect$$libinit$$00000032)
    __rt_lib_init_exceptions_1               0x0000015d   Thumb Code     0  libinit2.o(.ARM.Collect$$libinit$$00000030)
    __rt_lib_init_fp_trap_1                  0x0000015d   Thumb Code     0  libinit2.o(.ARM.Collect$$libinit$$0000001F)
    __rt_lib_init_getenv_1                   0x0000015d   Thumb Code     0  libinit2.o(.ARM.Collect$$libinit$$00000023)
    __rt_lib_init_lc_numeric_1               0x0000015d   Thumb Code     0  libinit2.o(.ARM.Collect$$libinit$$00000017)
    __rt_lib_init_lc_time_1                  0x0000015d   Thumb Code     0  libinit2.o(.ARM.Collect$$libinit$$00000019)
    __rt_lib_init_return                     0x0000015d   Thumb Code     0  libinit2.o(.ARM.Collect$$libinit$$00000033)
    __rt_lib_init_signal_1                   0x0000015d   Thumb Code     0  libinit2.o(.ARM.Collect$$libinit$$0000001D)
    __rt_lib_init_stdio_1                    0x0000015d   Thumb Code     0  libinit2.o(.ARM.Collect$$libinit$$00000025)
    __rt_lib_shutdown                        0x0000015f   Thumb Code     0  libshutdown.o(.ARM.Collect$$libshutdown$$00000000)
    __rt_lib_shutdown_cpp_1                  0x00000161   Thumb Code     0  libshutdown2.o(.ARM.Collect$$libshutdown$$00000002)
    __rt_lib_shutdown_fp_trap_1              0x00000161   Thumb Code     0  libshutdown2.o(.ARM.Collect$$libshutdown$$00000007)
    __rt_lib_shutdown_heap_1                 0x00000161   Thumb Code     0  libshutdown2.o(.ARM.Collect$$libshutdown$$0000000F)
    __rt_lib_shutdown_return                 0x00000161   Thumb Code     0  libshutdown2.o(.ARM.Collect$$libshutdown$$00000010)
    __rt_lib_shutdown_signal_1               0x00000161   Thumb Code     0  libshutdown2.o(.ARM.Collect$$libshutdown$$0000000A)
    __rt_lib_shutdown_stdio_1                0x00000161   Thumb Code     0  libshutdown2.o(.ARM.Collect$$libshutdown$$00000004)
    __rt_lib_shutdown_user_alloc_1           0x00000161   Thumb Code     0  libshutdown2.o(.ARM.Collect$$libshutdown$$0000000C)
    __rt_entry                               0x00000163   Thumb Code     0  __rtentry.o(.ARM.Collect$$rtentry$$00000000)
    __rt_entry_presh_1                       0x00000163   Thumb Code     0  __rtentry2.o(.ARM.Collect$$rtentry$$00000002)
    __rt_entry_sh                            0x00000163   Thumb Code     0  __rtentry4.o(.ARM.Collect$$rtentry$$00000004)
    __rt_entry_li                            0x00000169   Thumb Code     0  __rtentry2.o(.ARM.Collect$$rtentry$$0000000A)
    __rt_entry_postsh_1                      0x00000169   Thumb Code     0  __rtentry2.o(.ARM.Collect$$rtentry$$00000009)
    __rt_entry_postli_1                      0x0000016d   Thumb Code     0  __rtentry2.o(.ARM.Collect$$rtentry$$0000000B)
    __rt_entry_main                          0x00000175   Thumb Code     0  __rtentry2.o(.ARM.Collect$$rtentry$$0000000D)
    __rt_exit                                0x0000017d   Thumb Code     0  rtexit.o(.ARM.Collect$$rtexit$$00000000)
    __rt_exit_ls                             0x0000017f   Thumb Code     0  rtexit2.o(.ARM.Collect$$rtexit$$00000003)
    __rt_exit_prels_1                        0x0000017f   Thumb Code     0  rtexit2.o(.ARM.Collect$$rtexit$$00000002)
    __rt_exit_exit                           0x00000183   Thumb Code     0  rtexit2.o(.ARM.Collect$$rtexit$$00000004)
    _platform_post_lib_init                  0x00000189   Thumb Code    24  rtx_conf_cm.o(.emb_text)
    rt_set_PSP                               0x000001a5   Thumb Code     6  hal_cm3.o(.emb_text)
    rt_get_PSP                               0x000001ab   Thumb Code     6  hal_cm3.o(.emb_text)
    os_set_env                               0x000001b1   Thumb Code    24  hal_cm3.o(.emb_text)
    _alloc_box                               0x000001cd   Thumb Code    28  hal_cm3.o(.emb_text)
    _free_box                                0x000001ed   Thumb Code    28  hal_cm3.o(.emb_text)
    SVC_Handler                              0x0000020d   Thumb Code   108  hal_cm3.o(.emb_text)
    PendSV_Handler                           0x00000285   Thumb Code    56  hal_cm3.o(.emb_text)
    SysTick_Handler                          0x000002c1   Thumb Code     8  hal_cm3.o(.emb_text)
    OS_Tick_Handler                          0x000002c9   Thumb Code    12  hal_cm3.o(.emb_text)
    __user_libspace                          0x000002d5   Thumb Code     8  libspace.o(.text)
    __user_perproc_libspace                  0x000002d5   Thumb Code     0  libspace.o(.text)
    exit                                     0x000002dd   Thumb Code    18  exit.o(.text)
    __use_two_region_memory                  0x000002ef   Thumb Code     2  heapauxi.o(.text)
    __rt_heap_escrow$2region                 0x000002f1   Thumb Code     2  heapauxi.o(.text)
    __rt_heap_expand$2region                 0x000002f3   Thumb Code     2  heapauxi.o(.text)
    __I$use$semihosting                      0x000002f5   Thumb Code     0  use_no_semi.o(.text)
    __use_no_semihosting_swi                 0x000002f5   Thumb Code     2  use_no_semi.o(.text)
    __semihosting_library_function           0x000002f7   Thumb Code     0  indicate_semi.o(.text)
    SVC_Count                                0x000002f8   Data           4  svc_table.o(SVC_TABLE)
    SVC_Table                                0x000002fc   Data           0  svc_table.o(SVC_TABLE)
    Reset_Handler                            0x00000301   Thumb Code     8  startup_lpc17xx.o(.text)
    NMI_Handler                              0x00000309   Thumb Code     2  startup_lpc17xx.o(.text)
    HardFault_Handler                        0x0000030b   Thumb Code     2  startup_lpc17xx.o(.text)
    MemManage_Handler                        0x0000030d   Thumb Code     2  startup_lpc17xx.o(.text)
    BusFault_Handler                         0x0000030f   Thumb Code     2  startup_lpc17xx.o(.text)
    UsageFault_Handler                       0x00000311   Thumb Code     2  startup_lpc17xx.o(.text)
    DebugMon_Handler                         0x00000315   Thumb Code     2  startup_lpc17xx.o(.text)
    ADC_IRQHandler                           0x0000031b   Thumb Code     0  startup_lpc17xx.o(.text)
    BOD_IRQHandler                           0x0000031b   Thumb Code     0  startup_lpc17xx.o(.text)
    CANActivity_IRQHandler                   0x0000031b   Thumb Code     0  startup_lpc17xx.o(.text)
    CAN_IRQHandler                           0x0000031b   Thumb Code     0  startup_lpc17xx.o(.text)
    EINT0_IRQHandler                         0x0000031b   Thumb Code     0  startup_lpc17xx.o(.text)
    EINT1_IRQHandler                         0x0000031b   Thumb Code     0  startup_lpc17xx.o(.text)
    EINT2_IRQHandler                         0x0000031b   Thumb Code     0  startup_lpc17xx.o(.text)
    ENET_IRQHandler                          0x0000031b   Thumb Code     0  startup_lpc17xx.o(.text)
    I2C1_IRQHandler                          0x0000031b   Thumb Code     0  startup_lpc17xx.o(.text)
    I2C2_IRQHandler                          0x0000031b   Thumb Code     0  startup_lpc17xx.o(.text)
    I2S_IRQHandler                           0x0000031b   Thumb Code     0  startup_lpc17xx.o(.text)
    MCPWM_IRQHandler                         0x0000031b   Thumb Code     0  startup_lpc17xx.o(.text)
    PLL0_IRQHandler                          0x0000031b   Thumb Code     0  startup_lpc17xx.o(.text)
    PLL1_IRQHandler                          0x0000031b   Thumb Code     0  startup_lpc17xx.o(.text)
    PWM1_IRQHandler                          0x0000031b   Thumb Code     0  startup_lpc17xx.o(.text)
    QEI_IRQHandler                           0x0000031b   Thumb Code     0  startup_lpc17xx.o(.text)
    RIT_IRQHandler                           0x0000031b   Thumb Code     0  startup_lpc17xx.o(.text)
    RTC_IRQHandler                           0x0000031b   Thumb Code     0  startup_lpc17xx.o(.text)
    SPI_IRQHandler                           0x0000031b   Thumb Code     0  startup_lpc17xx.o(.text)
    SSP0_IRQHandler                          0x0000031b   Thumb Code     0  startup_lpc17xx.o(.text)
    TIMER0_IRQHandler                        0x0000031b   Thumb Code     0  startup_lpc17xx.o(.text)
    TIMER1_IRQHandler                        0x0000031b   Thumb Code     0  startup_lpc17xx.o(.text)
    TIMER2_IRQHandler                        0x0000031b   Thumb Code     0  startup_lpc17xx.o(.text)
    TIMER3_IRQHandler                        0x0000031b   Thumb Code     0  startup_lpc17xx.o(.text)
    UART0_IRQHandler                         0x0000031b   Thumb Code     0  startup_lpc17xx.o(.text)
    UART1_IRQHandler                         0x0000031b   Thumb Code     0  startup_lpc17xx.o(.text)
    UART2_IRQHandler                         0x0000031b   Thumb Code     0  startup_lpc17xx.o(.text)
    UART3_IRQHandler                         0x0000031b   Thumb Code     0  startup_lpc17xx.o(.text)
    USBActivity_IRQHandler                   0x0000031b   Thumb Code     0  startup_lpc17xx.o(.text)
    USB_IRQHandler                           0x0000031b   Thumb Code     0  startup_lpc17xx.o(.text)
    WDT_IRQHandler                           0x0000031b   Thumb Code     0  startup_lpc17xx.o(.text)
    __user_initial_stackheap                 0x0000031d   Thumb Code     0  startup_lpc17xx.o(.text)
    __aeabi_uldivmod                         0x0000033d   Thumb Code     0  lludivv7m.o(.text)
    _ll_udiv                                 0x0000033d   Thumb Code   238  lludivv7m.o(.text)
    __2sprintf                               0x0000042d   Thumb Code    34  noretval__2sprintf.o(.text)
    __printf                                 0x00000455   Thumb Code   104  __printf.o(.text)
    __RL_RTX_VER                             0x00000482   Number         0  rt_system.o ABSOLUTE
    __aeabi_memclr4                          0x000004bd   Thumb Code     0  rt_memclr_w.o(.text)
    __aeabi_memclr8                          0x000004bd   Thumb Code     0  rt_memclr_w.o(.text)
    __rt_memclr_w                            0x000004bd   Thumb Code    78  rt_memclr_w.o(.text)
    _memset_w                                0x000004c1   Thumb Code     0  rt_memclr_w.o(.text)
    __lib_sel_fp_printf                      0x0000050b   Thumb Code     2  _printf_fp_dec.o(.text)
    _printf_fp_dec_real                      0x000006bd   Thumb Code   620  _printf_fp_dec.o(.text)
    _printf_char_common                      0x00000933   Thumb Code    32  _printf_char_common.o(.text)
    _sputc                                   0x00000959   Thumb Code    10  _sputc.o(.text)
    __rt_locale                              0x00000963   Thumb Code    10  rt_locale_twolibspace.o(.text)
    _ll_udiv10                               0x0000096d   Thumb Code   138  lludiv10.o(.text)
    _printf_fp_infnan                        0x000009f9   Thumb Code   112  _printf_fp_infnan.o(.text)
    _btod_etento                             0x00000a79   Thumb Code   224  bigflt0.o(.text)
    _sys_exit                                0x00000b5d   Thumb Code     8  sys_exit.o(.text)
    __user_setup_stackheap                   0x00000b69   Thumb Code    74  sys_stackheap_outer.o(.text)
    strcmp                                   0x00000bb5   Thumb Code   128  strcmpv7m.o(.text)
    _btod_d2e                                0x00000c35   Thumb Code    62  btod.o(CL$$btod_d2e)
    _d2e_denorm_low                          0x00000c73   Thumb Code    70  btod.o(CL$$btod_d2e_denorm_low)
    _d2e_norm_op1                            0x00000cb9   Thumb Code    96  btod.o(CL$$btod_d2e_norm_op1)
    __btod_div_common                        0x00000d19   Thumb Code   696  btod.o(CL$$btod_div_common)
    _e2e                                     0x00001051   Thumb Code   220  btod.o(CL$$btod_e2e)
    _btod_ediv                               0x0000112d   Thumb Code    42  btod.o(CL$$btod_ediv)
    _btod_emul                               0x00001157   Thumb Code    42  btod.o(CL$$btod_emul)
    __btod_mult_common                       0x00001181   Thumb Code   580  btod.o(CL$$btod_mult_common)
    DMA_IRQHandler                           0x000013e5   Thumb Code   372  gpdma_lpc17xx.o(i.DMA_IRQHandler)
    EINT3_IRQHandler                         0x00001565   Thumb Code   312  joystick.o(i.EINT3_IRQHandler)
    EscribeLetra_L1                          0x000016ad   Thumb Code   100  ldc.o(i.EscribeLetra_L1)
    GPDMA_ChannelConfigure                   0x00001721   Thumb Code   232  gpdma_lpc17xx.o(i.GPDMA_ChannelConfigure)
    GPDMA_ChannelDisable                     0x00001815   Thumb Code    44  gpdma_lpc17xx.o(i.GPDMA_ChannelDisable)
    GPDMA_ChannelGetCount                    0x00001845   Thumb Code    38  gpdma_lpc17xx.o(i.GPDMA_ChannelGetCount)
    GPDMA_Initialize                         0x00001875   Thumb Code   146  gpdma_lpc17xx.o(i.GPDMA_Initialize)
    GPDMA_PeripheralSelect                   0x0000191d   Thumb Code    62  gpdma_lpc17xx.o(i.GPDMA_PeripheralSelect)
    GPDMA_Uninitialize                       0x00001961   Thumb Code   116  gpdma_lpc17xx.o(i.GPDMA_Uninitialize)
    GPIO_PinWrite                            0x000019e1   Thumb Code    36  gpio_lpc17xx.o(i.GPIO_PinWrite)
    GPIO_SetDir                              0x00001a09   Thumb Code    52  gpio_lpc17xx.o(i.GPIO_SetDir)
    I2C0_IRQHandler                          0x00001afd   Thumb Code    10  i2c_lpc17xx.o(i.I2C0_IRQHandler)
    Init_I2C                                 0x00002581   Thumb Code    48  sensortemp.o(i.Init_I2C)
    Init_Joy                                 0x000025b5   Thumb Code   172  joystick.o(i.Init_Joy)
    Init_Thread                              0x00002671   Thumb Code   126  thread.o(i.Init_Thread)
    LCD_reset                                0x00002709   Thumb Code    76  ldc.o(i.LCD_reset)
    PIN_Configure                            0x00002755   Thumb Code   246  pin_lpc17xx.o(i.PIN_Configure)
    PIN_ConfigureI2C0Pins                    0x00002851   Thumb Code    28  pin_lpc17xx.o(i.PIN_ConfigureI2C0Pins)
    SSP1_GPDMA_Rx_SignalEvent                0x00002889   Thumb Code    14  ssp_lpc17xx.o(i.SSP1_GPDMA_Rx_SignalEvent)
    SSP1_GPDMA_Tx_SignalEvent                0x0000289d   Thumb Code    14  ssp_lpc17xx.o(i.SSP1_GPDMA_Tx_SignalEvent)
    SSP1_IRQHandler                          0x000028d1   Thumb Code    10  ssp_lpc17xx.o(i.SSP1_IRQHandler)
    SSPx_GPDMA_Rx_SignalEvent                0x00002e9f   Thumb Code    54  ssp_lpc17xx.o(i.SSPx_GPDMA_Rx_SignalEvent)
    SSPx_GPDMA_Tx_SignalEvent                0x00002ed5   Thumb Code    28  ssp_lpc17xx.o(i.SSPx_GPDMA_Tx_SignalEvent)
    SystemInit                               0x00003785   Thumb Code   302  system_lpc17xx.o(i.SystemInit)
    __ARM_fpclassify                         0x000038c5   Thumb Code    40  fpclassify.o(i.__ARM_fpclassify)
    _init_box                                0x00003997   Thumb Code    70  rt_membox.o(i._init_box)
    _mutex_acquire                           0x000039dd   Thumb Code    22  rtx_conf_cm.o(i._mutex_acquire)
    _mutex_release                           0x000039fd   Thumb Code    18  rtx_conf_cm.o(i._mutex_release)
    copy_to_lcd                              0x00003a19   Thumb Code   156  ldc.o(i.copy_to_lcd)
    dbg_init                                 0x00003ab9   Thumb Code    34  hal_cm.o(i.dbg_init)
    dbg_task_notify                          0x00003ae9   Thumb Code    32  hal_cm.o(i.dbg_task_notify)
    dbg_task_switch                          0x00003b09   Thumb Code    16  hal_cm.o(i.dbg_task_switch)
    empezar                                  0x00003b19   Thumb Code    16  ldc.o(i.empezar)
    getData                                  0x00003b31   Thumb Code   150  sensortemp.o(i.getData)
    init_lcd                                 0x00003bd1   Thumb Code   106  ldc.o(i.init_lcd)
    isrMessageGet                            0x00003c4d   Thumb Code    42  rt_cmsis.o(i.isrMessageGet)
    isrMessagePut                            0x00003c77   Thumb Code    44  rt_cmsis.o(i.isrMessagePut)
    isrSignalSet                             0x00003ca3   Thumb Code    36  rt_cmsis.o(i.isrSignalSet)
    isr_evt_set                              0x00003cc9   Thumb Code    34  rt_event.o(i.isr_evt_set)
    isr_mbx_receive                          0x00003cf1   Thumb Code    86  rt_mailbox.o(i.isr_mbx_receive)
    isr_mbx_send                             0x00003d47   Thumb Code    14  rt_mailbox.o(i.isr_mbx_send)
    larga_Callback                           0x00003d55   Thumb Code     8  joystick.o(i.larga_Callback)
    lcd                                      0x00003d61   Thumb Code    84  thread.o(i.lcd)
    main                                     0x00003dc9   Thumb Code    26  main.o(i.main)
    osKernelInitialize                       0x00003de5   Thumb Code    30  rt_cmsis.o(i.osKernelInitialize)
    osKernelStart                            0x00003e09   Thumb Code    98  rt_cmsis.o(i.osKernelStart)
    osMessageGet                             0x00003e75   Thumb Code    18  rt_cmsis.o(i.osMessageGet)
    osSignalClear                            0x00003e8d   Thumb Code    20  rt_cmsis.o(i.osSignalClear)
    osSignalSet                              0x00003ea5   Thumb Code    18  rt_cmsis.o(i.osSignalSet)
    osSignalWait                             0x00003ebd   Thumb Code    18  rt_cmsis.o(i.osSignalWait)
    osThreadCreate                           0x00003ed5   Thumb Code    36  rt_cmsis.o(i.osThreadCreate)
    osThreadExit                             0x00003f01   Thumb Code    14  rt_cmsis.o(i.osThreadExit)
    osTimerCall                              0x00003f19   Thumb Code     8  rt_cmsis.o(i.osTimerCall)
    osTimerCreate                            0x00003f25   Thumb Code    36  rt_cmsis.o(i.osTimerCreate)
    osTimerStart                             0x00003f51   Thumb Code    18  rt_cmsis.o(i.osTimerStart)
    osTimerThread                            0x00003f69   Thumb Code    38  rt_cmsis.o(i.osTimerThread)
    os_error                                 0x00003f95   Thumb Code    34  rtx_conf_cm.o(i.os_error)
    os_idle_demon                            0x00003fb7   Thumb Code     4  rtx_conf_cm.o(i.os_idle_demon)
    os_tick_init                             0x00003fbd   Thumb Code    32  rt_system.o(i.os_tick_init)
    os_tick_irqack                           0x00003fe5   Thumb Code     2  rt_system.o(i.os_tick_irqack)
    rebote_Callback                          0x00003fe9   Thumb Code    16  thread.o(i.rebote_Callback)
    reset_lcd                                0x00003ffd   Thumb Code    38  ldc.o(i.reset_lcd)
    retardo_us                               0x00004025   Thumb Code    34  ldc.o(i.retardo_us)
    rt_alloc_box                             0x0000404d   Thumb Code    26  rt_membox.o(i.rt_alloc_box)
    rt_alloc_mem                             0x00004067   Thumb Code    62  rt_memory.o(i.rt_alloc_mem)
    rt_block                                 0x000040a5   Thumb Code    48  rt_task.o(i.rt_block)
    rt_chk_robin                             0x000040dd   Thumb Code    60  rt_robin.o(i.rt_chk_robin)
    rt_dec_dly                               0x00004125   Thumb Code   102  rt_list.o(i.rt_dec_dly)
    rt_dispatch                              0x00004195   Thumb Code    60  rt_task.o(i.rt_dispatch)
    rt_evt_clr                               0x000041d9   Thumb Code    22  rt_event.o(i.rt_evt_clr)
    rt_evt_psh                               0x000041f5   Thumb Code    76  rt_event.o(i.rt_evt_psh)
    rt_evt_set                               0x00004245   Thumb Code    88  rt_event.o(i.rt_evt_set)
    rt_evt_wait                              0x000042a1   Thumb Code    56  rt_event.o(i.rt_evt_wait)
    rt_free_box                              0x000042dd   Thumb Code    44  rt_membox.o(i.rt_free_box)
    rt_free_mem                              0x00004309   Thumb Code    40  rt_memory.o(i.rt_free_mem)
    rt_get_first                             0x00004331   Thumb Code    40  rt_list.o(i.rt_get_first)
    rt_init_mem                              0x000043a9   Thumb Code    26  rt_memory.o(i.rt_init_mem)
    rt_init_robin                            0x000043c5   Thumb Code    14  rt_robin.o(i.rt_init_robin)
    rt_init_stack                            0x000043dd   Thumb Code   118  hal_cm.o(i.rt_init_stack)
    rt_mbx_check                             0x0000445d   Thumb Code     8  rt_mailbox.o(i.rt_mbx_check)
    rt_mbx_init                              0x00004465   Thumb Code    26  rt_mailbox.o(i.rt_mbx_init)
    rt_mbx_psh                               0x00004481   Thumb Code   236  rt_mailbox.o(i.rt_mbx_psh)
    rt_mbx_wait                              0x00004571   Thumb Code   174  rt_mailbox.o(i.rt_mbx_wait)
    rt_mut_release                           0x00004669   Thumb Code   208  rt_mutex.o(i.rt_mut_release)
    rt_mut_wait                              0x00004741   Thumb Code   114  rt_mutex.o(i.rt_mut_wait)
    rt_pop_req                               0x000047b9   Thumb Code   112  rt_system.o(i.rt_pop_req)
    rt_psh_req                               0x00004835   Thumb Code    22  rt_system.o(i.rt_psh_req)
    rt_psq_enq                               0x00004855   Thumb Code    88  rt_list.o(i.rt_psq_enq)
    rt_put_dly                               0x000048b1   Thumb Code    68  rt_list.o(i.rt_put_dly)
    rt_put_prio                              0x000048f9   Thumb Code    54  rt_list.o(i.rt_put_prio)
    rt_put_rdy_first                         0x00004931   Thumb Code    14  rt_list.o(i.rt_put_rdy_first)
    rt_resort_prio                           0x00004945   Thumb Code    46  rt_list.o(i.rt_resort_prio)
    rt_ret_val                               0x00004979   Thumb Code     6  hal_cm.o(i.rt_ret_val)
    rt_ret_val2                              0x0000497f   Thumb Code     8  hal_cm.o(i.rt_ret_val2)
    rt_rmv_dly                               0x00004987   Thumb Code    40  rt_list.o(i.rt_rmv_dly)
    rt_rmv_list                              0x000049b1   Thumb Code    44  rt_list.o(i.rt_rmv_list)
    rt_sem_psh                               0x000049e1   Thumb Code    48  rt_semaphore.o(i.rt_sem_psh)
    rt_stk_check                             0x00004a15   Thumb Code    28  rt_system.o(i.rt_stk_check)
    rt_switch_req                            0x00004a39   Thumb Code    30  rt_task.o(i.rt_switch_req)
    rt_sys_init                              0x00004a61   Thumb Code   138  rt_task.o(i.rt_sys_init)
    rt_sys_start                             0x00004b2d   Thumb Code   110  rt_task.o(i.rt_sys_start)
    rt_systick                               0x00004ba5   Thumb Code    50  rt_system.o(i.rt_systick)
    rt_tsk_create                            0x00004c69   Thumb Code   118  rt_task.o(i.rt_tsk_create)
    rt_tsk_delete                            0x00004cf1   Thumb Code   352  rt_task.o(i.rt_tsk_delete)
    rt_tsk_prio                              0x00004e6d   Thumb Code   108  rt_task.o(i.rt_tsk_prio)
    rt_tsk_self                              0x00004ee9   Thumb Code    12  rt_task.o(i.rt_tsk_self)
    state                                    0x00004ef9   Thumb Code   338  thread.o(i.state)
    svcKernelInitialize                      0x00005059   Thumb Code    80  rt_cmsis.o(i.svcKernelInitialize)
    svcKernelStart                           0x000050c9   Thumb Code    62  rt_cmsis.o(i.svcKernelStart)
    svcMessageCreate                         0x00005111   Thumb Code    36  rt_cmsis.o(i.svcMessageCreate)
    svcMessageGet                            0x00005135   Thumb Code    58  rt_cmsis.o(i.svcMessageGet)
    svcSignalClear                           0x0000516f   Thumb Code    36  rt_cmsis.o(i.svcSignalClear)
    svcSignalSet                             0x00005193   Thumb Code    36  rt_cmsis.o(i.svcSignalSet)
    svcSignalWait                            0x000051b9   Thumb Code    80  rt_cmsis.o(i.svcSignalWait)
    svcThreadCreate                          0x0000520d   Thumb Code    96  rt_cmsis.o(i.svcThreadCreate)
    svcThreadGetId                           0x00005279   Thumb Code    22  rt_cmsis.o(i.svcThreadGetId)
    svcThreadTerminate                       0x00005295   Thumb Code    50  rt_cmsis.o(i.svcThreadTerminate)
    svcTimerCall                             0x000052cd   Thumb Code    24  rt_cmsis.o(i.svcTimerCall)
    svcTimerCreate                           0x000052e5   Thumb Code    52  rt_cmsis.o(i.svcTimerCreate)
    svcTimerStart                            0x0000531d   Thumb Code    96  rt_cmsis.o(i.svcTimerStart)
    sysTimerTick                             0x00005381   Thumb Code    84  rt_cmsis.o(i.sysTimerTick)
    wr_cmd                                   0x000053dd   Thumb Code    46  ldc.o(i.wr_cmd)
    wr_data                                  0x00005411   Thumb Code    46  ldc.o(i.wr_data)
    _get_lc_numeric                          0x00005445   Thumb Code    44  lc_numeric_c.o(locale$$code)
    __aeabi_ui2d                             0x00005471   Thumb Code     0  dflt_clz.o(x$fpl$dfltu)
    _dfltu                                   0x00005471   Thumb Code    38  dflt_clz.o(x$fpl$dfltu)
    __aeabi_dmul                             0x00005499   Thumb Code     0  dmul.o(x$fpl$dmul)
    _dmul                                    0x00005499   Thumb Code   332  dmul.o(x$fpl$dmul)
    __fpl_dnaninf                            0x000055ed   Thumb Code   156  dnaninf.o(x$fpl$dnaninf)
    __fpl_dretinf                            0x00005689   Thumb Code    12  dretinf.o(x$fpl$dretinf)
    _printf_fp_dec                           0x00005695   Thumb Code     4  printf1.o(x$fpl$printf1)
    __I$use$fp                               0x00005698   Number         0  usenofp.o(x$fpl$usenofp)
    os_thread_def_lcd                        0x00005698   Data          16  thread.o(.constdata)
    os_thread_def_state                      0x000056a8   Data          16  thread.o(.constdata)
    os_timer_def_rebote                      0x000056b8   Data           8  thread.o(.constdata)
    Arial12x12                               0x000056c0   Data        2400  ldc.o(.constdata)
    os_timer_def_larga                       0x00006020   Data           8  joystick.o(.constdata)
    os_maxtaskrun                            0x00006028   Data           2  rtx_conf_cm.o(.constdata)
    os_stackinfo                             0x0000602c   Data           4  rtx_conf_cm.o(.constdata)
    os_rrobin                                0x00006030   Data           4  rtx_conf_cm.o(.constdata)
    os_tickfreq                              0x00006034   Data           4  rtx_conf_cm.o(.constdata)
    os_tickus_i                              0x00006038   Data           2  rtx_conf_cm.o(.constdata)
    os_tickus_f                              0x0000603a   Data           2  rtx_conf_cm.o(.constdata)
    os_trv                                   0x0000603c   Data           4  rtx_conf_cm.o(.constdata)
    os_flags                                 0x00006040   Data           1  rtx_conf_cm.o(.constdata)
    CMSIS_RTOS_API_Version                   0x00006044   Data           4  rtx_conf_cm.o(.constdata)
    CMSIS_RTOS_RTX_Version                   0x00006048   Data           4  rtx_conf_cm.o(.constdata)
    os_clockrate                             0x0000604c   Data           4  rtx_conf_cm.o(.constdata)
    os_timernum                              0x00006050   Data           4  rtx_conf_cm.o(.constdata)
    mp_tcb_size                              0x00006054   Data           2  rtx_conf_cm.o(.constdata)
    mp_stk_size                              0x00006058   Data           4  rtx_conf_cm.o(.constdata)
    os_stack_sz                              0x0000605c   Data           4  rtx_conf_cm.o(.constdata)
    os_fifo_size                             0x00006060   Data           1  rtx_conf_cm.o(.constdata)
    os_thread_def_osTimerThread              0x00006064   Data          16  rtx_conf_cm.o(.constdata)
    os_messageQ_def_osTimerMessageQ          0x00006074   Data           8  rtx_conf_cm.o(.constdata)
    mp_tmr_size                              0x0000607c   Data           2  rtx_conf_cm.o(.constdata)
    os_thread_def_main                       0x00006080   Data          16  rtx_conf_cm.o(.constdata)
    Driver_SPI1                              0x000060e0   Data          44  ssp_lpc17xx.o(.constdata)
    Driver_I2C0                              0x00006140   Data          48  i2c_lpc17xx.o(.constdata)
    Region$$Table$$Base                      0x00006204   Number         0  anon$$obj.o(Region$$Table)
    Region$$Table$$Limit                     0x00006234   Number         0  anon$$obj.o(Region$$Table)
    mp_tcb                                   0x10000000   Data         376  rtx_conf_cm.o(.bss)
    mp_stk                                   0x10000178   Data        1216  rtx_conf_cm.o(.bss)
    os_stack_mem                             0x10000638   Data         432  rtx_conf_cm.o(.bss)
    os_fifo                                  0x100007e8   Data         132  rtx_conf_cm.o(.bss)
    os_active_TCB                            0x1000086c   Data          28  rtx_conf_cm.o(.bss)
    os_messageQ_q_osTimerMessageQ            0x10000888   Data          32  rtx_conf_cm.o(.bss)
    id_lcd                                   0x2007c000   Data           4  thread.o(.data)
    id_state                                 0x2007c004   Data           4  thread.o(.data)
    tiempo                                   0x2007c008   Data           2  thread.o(.data)
    rebo                                     0x2007c00c   Data           4  thread.o(.data)
    reseteado                                0x2007c014   Data           1  ldc.o(.data)
    PosicionL1                               0x2007c016   Data           2  ldc.o(.data)
    PosicionL2                               0x2007c018   Data           2  ldc.o(.data)
    SPIdrv                                   0x2007c01c   Data           4  ldc.o(.data)
    larga                                    0x2007c028   Data           4  joystick.o(.data)
    pulsacion_larga                          0x2007c02c   Data           1  joystick.o(.data)
    osThreadId_osTimerThread                 0x2007c034   Data           4  rtx_conf_cm.o(.data)
    osMessageQId_osTimerMessageQ             0x2007c038   Data           4  rtx_conf_cm.o(.data)
    os_tmr                                   0x2007c03c   Data           4  rtx_conf_cm.o(.data)
    m_tmr                                    0x2007c040   Data           4  rtx_conf_cm.o(.data)
    I2C0_PIN                                 0x2007c054   Data           4  i2c_lpc17xx.o(.data)
    SystemCoreClock                          0x2007c060   Data           4  system_lpc17xx.o(.data)
    os_initialized                           0x2007c064   Data           1  rt_cmsis.o(.data)
    os_running                               0x2007c065   Data           1  rt_cmsis.o(.data)
    os_timer_head                            0x2007c068   Data           4  rt_cmsis.o(.data)
    os_tsk                                   0x2007c06c   Data           8  rt_task.o(.data)
    os_tick_irqn                             0x2007c078   Data           4  rt_system.o(.data)
    os_time                                  0x2007c07c   Data           4  rt_time.o(.data)
    os_robin                                 0x2007c080   Data           8  rt_robin.o(.data)
    dbg_msg                                  0x2007c088   Data           1  hal_cm.o(.data)
    os_timer_cb_rebote                       0x2007c08c   Data          24  thread.o(.bss)
    buffer                                   0x2007c0b3   Data         512  ldc.o(.bss)
    os_timer_cb_larga                        0x2007c2b4   Data          24  joystick.o(.bss)
    os_idle_TCB                              0x2007c3b8   Data          52  rt_task.o(.bss)
    os_rdy                                   0x2007c3ec   Data          24  rt_list.o(.bss)
    os_dly                                   0x2007c404   Data          24  rt_list.o(.bss)
    __libspace_start                         0x2007c41c   Data          96  libspace.o(.bss)
    __temporary_stack_top$libspace           0x2007c47c   Data           0  libspace.o(.bss)



==============================================================================

Memory Map of the image

  Image Entry point : 0x000000cd

  Load Region LR_IROM1 (Base: 0x00000000, Size: 0x000062dc, Max: 0x00080000, ABSOLUTE)

    Execution Region ER_IROM1 (Exec base: 0x00000000, Load base: 0x00000000, Size: 0x00006250, Max: 0x00080000, ABSOLUTE)

    Exec Addr    Load Addr    Size         Type   Attr      Idx    E Section Name        Object

    0x00000000   0x00000000   0x000000cc   Data   RO         1011    RESET               startup_lpc17xx.o
    0x000000cc   0x000000cc   0x00000008   Code   RO         2304  * !!!main             c_w.l(__main.o)
    0x000000d4   0x000000d4   0x00000034   Code   RO         2534    !!!scatter          c_w.l(__scatter.o)
    0x00000108   0x00000108   0x0000001a   Code   RO         2536    !!handler_copy      c_w.l(__scatter_copy.o)
    0x00000122   0x00000122   0x00000002   PAD
    0x00000124   0x00000124   0x0000001c   Code   RO         2538    !!handler_zi        c_w.l(__scatter_zi.o)
    0x00000140   0x00000140   0x00000000   Code   RO         2297    .ARM.Collect$$_printf_percent$$00000000  c_w.l(_printf_percent.o)
    0x00000140   0x00000140   0x00000006   Code   RO         2296    .ARM.Collect$$_printf_percent$$00000003  c_w.l(_printf_f.o)
    0x00000146   0x00000146   0x00000004   Code   RO         2329    .ARM.Collect$$_printf_percent$$00000017  c_w.l(_printf_percent_end.o)
    0x0000014a   0x0000014a   0x00000002   Code   RO         2420    .ARM.Collect$$libinit$$00000000  c_w.l(libinit.o)
    0x0000014c   0x0000014c   0x00000000   Code   RO         2422    .ARM.Collect$$libinit$$00000002  c_w.l(libinit2.o)
    0x0000014c   0x0000014c   0x00000000   Code   RO         2424    .ARM.Collect$$libinit$$00000004  c_w.l(libinit2.o)
    0x0000014c   0x0000014c   0x00000000   Code   RO         2427    .ARM.Collect$$libinit$$0000000A  c_w.l(libinit2.o)
    0x0000014c   0x0000014c   0x00000000   Code   RO         2429    .ARM.Collect$$libinit$$0000000C  c_w.l(libinit2.o)
    0x0000014c   0x0000014c   0x00000000   Code   RO         2431    .ARM.Collect$$libinit$$0000000E  c_w.l(libinit2.o)
    0x0000014c   0x0000014c   0x00000006   Code   RO         2432    .ARM.Collect$$libinit$$0000000F  c_w.l(libinit2.o)
    0x00000152   0x00000152   0x00000000   Code   RO         2434    .ARM.Collect$$libinit$$00000011  c_w.l(libinit2.o)
    0x00000152   0x00000152   0x00000000   Code   RO         2436    .ARM.Collect$$libinit$$00000013  c_w.l(libinit2.o)
    0x00000152   0x00000152   0x00000000   Code   RO         2438    .ARM.Collect$$libinit$$00000015  c_w.l(libinit2.o)
    0x00000152   0x00000152   0x0000000a   Code   RO         2439    .ARM.Collect$$libinit$$00000016  c_w.l(libinit2.o)
    0x0000015c   0x0000015c   0x00000000   Code   RO         2440    .ARM.Collect$$libinit$$00000017  c_w.l(libinit2.o)
    0x0000015c   0x0000015c   0x00000000   Code   RO         2442    .ARM.Collect$$libinit$$00000019  c_w.l(libinit2.o)
    0x0000015c   0x0000015c   0x00000000   Code   RO         2444    .ARM.Collect$$libinit$$0000001B  c_w.l(libinit2.o)
    0x0000015c   0x0000015c   0x00000000   Code   RO         2446    .ARM.Collect$$libinit$$0000001D  c_w.l(libinit2.o)
    0x0000015c   0x0000015c   0x00000000   Code   RO         2448    .ARM.Collect$$libinit$$0000001F  c_w.l(libinit2.o)
    0x0000015c   0x0000015c   0x00000000   Code   RO         2450    .ARM.Collect$$libinit$$00000021  c_w.l(libinit2.o)
    0x0000015c   0x0000015c   0x00000000   Code   RO         2452    .ARM.Collect$$libinit$$00000023  c_w.l(libinit2.o)
    0x0000015c   0x0000015c   0x00000000   Code   RO         2454    .ARM.Collect$$libinit$$00000025  c_w.l(libinit2.o)
    0x0000015c   0x0000015c   0x00000000   Code   RO         2458    .ARM.Collect$$libinit$$0000002C  c_w.l(libinit2.o)
    0x0000015c   0x0000015c   0x00000000   Code   RO         2460    .ARM.Collect$$libinit$$0000002E  c_w.l(libinit2.o)
    0x0000015c   0x0000015c   0x00000000   Code   RO         2462    .ARM.Collect$$libinit$$00000030  c_w.l(libinit2.o)
    0x0000015c   0x0000015c   0x00000000   Code   RO         2464    .ARM.Collect$$libinit$$00000032  c_w.l(libinit2.o)
    0x0000015c   0x0000015c   0x00000002   Code   RO         2465    .ARM.Collect$$libinit$$00000033  c_w.l(libinit2.o)
    0x0000015e   0x0000015e   0x00000002   Code   RO         2466    .ARM.Collect$$libshutdown$$00000000  c_w.l(libshutdown.o)
    0x00000160   0x00000160   0x00000000   Code   RO         2479    .ARM.Collect$$libshutdown$$00000002  c_w.l(libshutdown2.o)
    0x00000160   0x00000160   0x00000000   Code   RO         2481    .ARM.Collect$$libshutdown$$00000004  c_w.l(libshutdown2.o)
    0x00000160   0x00000160   0x00000000   Code   RO         2484    .ARM.Collect$$libshutdown$$00000007  c_w.l(libshutdown2.o)
    0x00000160   0x00000160   0x00000000   Code   RO         2487    .ARM.Collect$$libshutdown$$0000000A  c_w.l(libshutdown2.o)
    0x00000160   0x00000160   0x00000000   Code   RO         2489    .ARM.Collect$$libshutdown$$0000000C  c_w.l(libshutdown2.o)
    0x00000160   0x00000160   0x00000000   Code   RO         2492    .ARM.Collect$$libshutdown$$0000000F  c_w.l(libshutdown2.o)
    0x00000160   0x00000160   0x00000002   Code   RO         2493    .ARM.Collect$$libshutdown$$00000010  c_w.l(libshutdown2.o)
    0x00000162   0x00000162   0x00000000   Code   RO         2316    .ARM.Collect$$rtentry$$00000000  c_w.l(__rtentry.o)
    0x00000162   0x00000162   0x00000000   Code   RO         2336    .ARM.Collect$$rtentry$$00000002  c_w.l(__rtentry2.o)
    0x00000162   0x00000162   0x00000006   Code   RO         2348    .ARM.Collect$$rtentry$$00000004  c_w.l(__rtentry4.o)
    0x00000168   0x00000168   0x00000000   Code   RO         2338    .ARM.Collect$$rtentry$$00000009  c_w.l(__rtentry2.o)
    0x00000168   0x00000168   0x00000004   Code   RO         2339    .ARM.Collect$$rtentry$$0000000A  c_w.l(__rtentry2.o)
    0x0000016c   0x0000016c   0x00000008   Code   RO         2340    .ARM.Collect$$rtentry$$0000000B  c_w.l(__rtentry2.o)
    0x00000174   0x00000174   0x00000008   Code   RO         2342    .ARM.Collect$$rtentry$$0000000D  c_w.l(__rtentry2.o)
    0x0000017c   0x0000017c   0x00000002   Code   RO         2317    .ARM.Collect$$rtexit$$00000000  c_w.l(rtexit.o)
    0x0000017e   0x0000017e   0x00000000   Code   RO         2351    .ARM.Collect$$rtexit$$00000002  c_w.l(rtexit2.o)
    0x0000017e   0x0000017e   0x00000004   Code   RO         2352    .ARM.Collect$$rtexit$$00000003  c_w.l(rtexit2.o)
    0x00000182   0x00000182   0x00000006   Code   RO         2353    .ARM.Collect$$rtexit$$00000004  c_w.l(rtexit2.o)
    0x00000188   0x00000188   0x0000001c   Code   RO          403    .emb_text           rtx_conf_cm.o
    0x000001a4   0x000001a4   0x00000130   Code   RO         2250    .emb_text           RTX_CM3.lib(hal_cm3.o)
    0x000002d4   0x000002d4   0x00000008   Code   RO         2265    .text               c_w.l(libspace.o)
    0x000002dc   0x000002dc   0x00000012   Code   RO         2298    .text               c_w.l(exit.o)
    0x000002ee   0x000002ee   0x00000006   Code   RO         2302    .text               c_w.l(heapauxi.o)
    0x000002f4   0x000002f4   0x00000002   Code   RO         2467    .text               c_w.l(use_no_semi.o)
    0x000002f6   0x000002f6   0x00000000   Code   RO         2469    .text               c_w.l(indicate_semi.o)
    0x000002f6   0x000002f6   0x00000002   PAD
    0x000002f8   0x000002f8   0x00000004   Code   RO         2260    SVC_TABLE           RTX_CM3.lib(svc_table.o)
    0x000002fc   0x000002fc   0x00000004   Code   RO         1012    .ARM.__at_0x02FC    startup_lpc17xx.o
    0x00000300   0x00000300   0x0000003c   Code   RO         1013    .text               startup_lpc17xx.o
    0x0000033c   0x0000033c   0x000000ee   Code   RO         2268    .text               c_w.l(lludivv7m.o)
    0x0000042a   0x0000042a   0x00000002   PAD
    0x0000042c   0x0000042c   0x00000028   Code   RO         2272    .text               c_w.l(noretval__2sprintf.o)
    0x00000454   0x00000454   0x00000068   Code   RO         2274    .text               c_w.l(__printf.o)
    0x000004bc   0x000004bc   0x0000004e   Code   RO         2300    .text               c_w.l(rt_memclr_w.o)
    0x0000050a   0x0000050a   0x0000041e   Code   RO         2323    .text               c_w.l(_printf_fp_dec.o)
    0x00000928   0x00000928   0x00000030   Code   RO         2325    .text               c_w.l(_printf_char_common.o)
    0x00000958   0x00000958   0x0000000a   Code   RO         2327    .text               c_w.l(_sputc.o)
    0x00000962   0x00000962   0x0000000a   Code   RO         2364    .text               c_w.l(rt_locale_twolibspace.o)
    0x0000096c   0x0000096c   0x0000008a   Code   RO         2366    .text               c_w.l(lludiv10.o)
    0x000009f6   0x000009f6   0x00000002   PAD
    0x000009f8   0x000009f8   0x00000080   Code   RO         2368    .text               c_w.l(_printf_fp_infnan.o)
    0x00000a78   0x00000a78   0x000000e4   Code   RO         2372    .text               c_w.l(bigflt0.o)
    0x00000b5c   0x00000b5c   0x0000000c   Code   RO         2404    .text               c_w.l(sys_exit.o)
    0x00000b68   0x00000b68   0x0000004a   Code   RO         2406    .text               c_w.l(sys_stackheap_outer.o)
    0x00000bb2   0x00000bb2   0x00000002   PAD
    0x00000bb4   0x00000bb4   0x00000080   Code   RO         2412    .text               c_w.l(strcmpv7m.o)
    0x00000c34   0x00000c34   0x0000003e   Code   RO         2375    CL$$btod_d2e        c_w.l(btod.o)
    0x00000c72   0x00000c72   0x00000046   Code   RO         2377    CL$$btod_d2e_denorm_low  c_w.l(btod.o)
    0x00000cb8   0x00000cb8   0x00000060   Code   RO         2376    CL$$btod_d2e_norm_op1  c_w.l(btod.o)
    0x00000d18   0x00000d18   0x00000338   Code   RO         2385    CL$$btod_div_common  c_w.l(btod.o)
    0x00001050   0x00001050   0x000000dc   Code   RO         2382    CL$$btod_e2e        c_w.l(btod.o)
    0x0000112c   0x0000112c   0x0000002a   Code   RO         2379    CL$$btod_ediv       c_w.l(btod.o)
    0x00001156   0x00001156   0x0000002a   Code   RO         2378    CL$$btod_emul       c_w.l(btod.o)
    0x00001180   0x00001180   0x00000244   Code   RO         2384    CL$$btod_mult_common  c_w.l(btod.o)
    0x000013c4   0x000013c4   0x00000020   Code   RO          832    i.Clear_Channel_active_flag  gpdma_lpc17xx.o
    0x000013e4   0x000013e4   0x00000180   Code   RO          833    i.DMA_IRQHandler    gpdma_lpc17xx.o
    0x00001564   0x00001564   0x00000148   Code   RO          253    i.EINT3_IRQHandler  joystick.o
    0x000016ac   0x000016ac   0x00000074   Code   RO          168    i.EscribeLetra_L1   ldc.o
    0x00001720   0x00001720   0x000000f4   Code   RO          834    i.GPDMA_ChannelConfigure  gpdma_lpc17xx.o
    0x00001814   0x00001814   0x00000030   Code   RO          835    i.GPDMA_ChannelDisable  gpdma_lpc17xx.o
    0x00001844   0x00001844   0x00000030   Code   RO          837    i.GPDMA_ChannelGetCount  gpdma_lpc17xx.o
    0x00001874   0x00001874   0x000000a8   Code   RO          839    i.GPDMA_Initialize  gpdma_lpc17xx.o
    0x0000191c   0x0000191c   0x00000044   Code   RO          840    i.GPDMA_PeripheralSelect  gpdma_lpc17xx.o
    0x00001960   0x00001960   0x00000080   Code   RO          841    i.GPDMA_Uninitialize  gpdma_lpc17xx.o
    0x000019e0   0x000019e0   0x00000028   Code   RO          923    i.GPIO_PinWrite     gpio_lpc17xx.o
    0x00001a08   0x00001a08   0x00000038   Code   RO          927    i.GPIO_SetDir       gpio_lpc17xx.o
    0x00001a40   0x00001a40   0x00000040   Code   RO          651    i.GetI2CClockFreq   i2c_lpc17xx.o
    0x00001a80   0x00001a80   0x00000044   Code   RO          464    i.GetSSPClockFreq   ssp_lpc17xx.o
    0x00001ac4   0x00001ac4   0x00000018   Code   RO          652    i.I2C0_Control      i2c_lpc17xx.o
    0x00001adc   0x00001adc   0x00000010   Code   RO          653    i.I2C0_GetDataCount  i2c_lpc17xx.o
    0x00001aec   0x00001aec   0x00000010   Code   RO          654    i.I2C0_GetStatus    i2c_lpc17xx.o
    0x00001afc   0x00001afc   0x00000010   Code   RO          655    i.I2C0_IRQHandler   i2c_lpc17xx.o
    0x00001b0c   0x00001b0c   0x00000014   Code   RO          656    i.I2C0_Initialize   i2c_lpc17xx.o
    0x00001b20   0x00001b20   0x00000020   Code   RO          657    i.I2C0_MasterReceive  i2c_lpc17xx.o
    0x00001b40   0x00001b40   0x00000020   Code   RO          658    i.I2C0_MasterTransmit  i2c_lpc17xx.o
    0x00001b60   0x00001b60   0x00000014   Code   RO          659    i.I2C0_PowerControl  i2c_lpc17xx.o
    0x00001b74   0x00001b74   0x00000018   Code   RO          660    i.I2C0_SlaveReceive  i2c_lpc17xx.o
    0x00001b8c   0x00001b8c   0x00000018   Code   RO          661    i.I2C0_SlaveTransmit  i2c_lpc17xx.o
    0x00001ba4   0x00001ba4   0x00000010   Code   RO          662    i.I2C0_Uninitialize  i2c_lpc17xx.o
    0x00001bb4   0x00001bb4   0x0000000c   Code   RO          663    i.I2C_GetCapabilities  i2c_lpc17xx.o
    0x00001bc0   0x00001bc0   0x00000010   Code   RO          664    i.I2C_GetVersion    i2c_lpc17xx.o
    0x00001bd0   0x00001bd0   0x0000018c   Code   RO          665    i.I2Cx_Control      i2c_lpc17xx.o
    0x00001d5c   0x00001d5c   0x00000008   Code   RO          666    i.I2Cx_GetDataCount  i2c_lpc17xx.o
    0x00001d64   0x00001d64   0x00000008   Code   RO          667    i.I2Cx_GetStatus    i2c_lpc17xx.o
    0x00001d6c   0x00001d6c   0x00000030   Code   RO          668    i.I2Cx_IRQHandler   i2c_lpc17xx.o
    0x00001d9c   0x00001d9c   0x0000004e   Code   RO          669    i.I2Cx_Initialize   i2c_lpc17xx.o
    0x00001dea   0x00001dea   0x000001ce   Code   RO          670    i.I2Cx_MasterHandler  i2c_lpc17xx.o
    0x00001fb8   0x00001fb8   0x000000ce   Code   RO          671    i.I2Cx_MasterReceive  i2c_lpc17xx.o
    0x00002086   0x00002086   0x000000cc   Code   RO          672    i.I2Cx_MasterTransmit  i2c_lpc17xx.o
    0x00002152   0x00002152   0x00000140   Code   RO          673    i.I2Cx_PowerControl  i2c_lpc17xx.o
    0x00002292   0x00002292   0x000001d4   Code   RO          674    i.I2Cx_SlaveHandler  i2c_lpc17xx.o
    0x00002466   0x00002466   0x00000074   Code   RO          675    i.I2Cx_SlaveReceive  i2c_lpc17xx.o
    0x000024da   0x000024da   0x00000074   Code   RO          676    i.I2Cx_SlaveTransmit  i2c_lpc17xx.o
    0x0000254e   0x0000254e   0x00000030   Code   RO          677    i.I2Cx_Uninitialize  i2c_lpc17xx.o
    0x0000257e   0x0000257e   0x00000002   PAD
    0x00002580   0x00002580   0x00000034   Code   RO          295    i.Init_I2C          sensortemp.o
    0x000025b4   0x000025b4   0x000000bc   Code   RO          254    i.Init_Joy          joystick.o
    0x00002670   0x00002670   0x00000098   Code   RO            4    i.Init_Thread       thread.o
    0x00002708   0x00002708   0x0000004c   Code   RO          170    i.LCD_reset         ldc.o
    0x00002754   0x00002754   0x000000fc   Code   RO          976    i.PIN_Configure     pin_lpc17xx.o
    0x00002850   0x00002850   0x00000020   Code   RO          977    i.PIN_ConfigureI2C0Pins  pin_lpc17xx.o
    0x00002870   0x00002870   0x00000018   Code   RO          465    i.SSP1_Control      ssp_lpc17xx.o
    0x00002888   0x00002888   0x00000014   Code   RO          466    i.SSP1_GPDMA_Rx_SignalEvent  ssp_lpc17xx.o
    0x0000289c   0x0000289c   0x00000014   Code   RO          467    i.SSP1_GPDMA_Tx_SignalEvent  ssp_lpc17xx.o
    0x000028b0   0x000028b0   0x00000010   Code   RO          468    i.SSP1_GetDataCount  ssp_lpc17xx.o
    0x000028c0   0x000028c0   0x00000010   Code   RO          469    i.SSP1_GetStatus    ssp_lpc17xx.o
    0x000028d0   0x000028d0   0x00000010   Code   RO          470    i.SSP1_IRQHandler   ssp_lpc17xx.o
    0x000028e0   0x000028e0   0x00000014   Code   RO          471    i.SSP1_Initialize   ssp_lpc17xx.o
    0x000028f4   0x000028f4   0x00000014   Code   RO          472    i.SSP1_PowerControl  ssp_lpc17xx.o
    0x00002908   0x00002908   0x00000018   Code   RO          473    i.SSP1_Receive      ssp_lpc17xx.o
    0x00002920   0x00002920   0x00000018   Code   RO          474    i.SSP1_Send         ssp_lpc17xx.o
    0x00002938   0x00002938   0x0000001c   Code   RO          475    i.SSP1_Transfer     ssp_lpc17xx.o
    0x00002954   0x00002954   0x00000010   Code   RO          476    i.SSP1_Uninitialize  ssp_lpc17xx.o
    0x00002964   0x00002964   0x0000000c   Code   RO          477    i.SSP_GetCapabilities  ssp_lpc17xx.o
    0x00002970   0x00002970   0x00000010   Code   RO          478    i.SSP_GetVersion    ssp_lpc17xx.o
    0x00002980   0x00002980   0x0000051e   Code   RO          479    i.SSPx_Control      ssp_lpc17xx.o
    0x00002e9e   0x00002e9e   0x00000036   Code   RO          480    i.SSPx_GPDMA_Rx_SignalEvent  ssp_lpc17xx.o
    0x00002ed4   0x00002ed4   0x0000001c   Code   RO          481    i.SSPx_GPDMA_Tx_SignalEvent  ssp_lpc17xx.o
    0x00002ef0   0x00002ef0   0x0000002c   Code   RO          482    i.SSPx_GetDataCount  ssp_lpc17xx.o
    0x00002f1c   0x00002f1c   0x0000005a   Code   RO          483    i.SSPx_GetStatus    ssp_lpc17xx.o
    0x00002f76   0x00002f76   0x00000104   Code   RO          484    i.SSPx_IRQHandler   ssp_lpc17xx.o
    0x0000307a   0x0000307a   0x000000a8   Code   RO          485    i.SSPx_Initialize   ssp_lpc17xx.o
    0x00003122   0x00003122   0x00000002   PAD
    0x00003124   0x00003124   0x000001b4   Code   RO          486    i.SSPx_PowerControl  ssp_lpc17xx.o
    0x000032d8   0x000032d8   0x0000015c   Code   RO          487    i.SSPx_Receive      ssp_lpc17xx.o
    0x00003434   0x00003434   0x00000154   Code   RO          488    i.SSPx_Send         ssp_lpc17xx.o
    0x00003588   0x00003588   0x00000152   Code   RO          489    i.SSPx_Transfer     ssp_lpc17xx.o
    0x000036da   0x000036da   0x00000070   Code   RO          490    i.SSPx_Uninitialize  ssp_lpc17xx.o
    0x0000374a   0x0000374a   0x00000002   PAD
    0x0000374c   0x0000374c   0x00000038   Code   RO          842    i.Set_Channel_active_flag  gpdma_lpc17xx.o
    0x00003784   0x00003784   0x00000140   Code   RO         1023    i.SystemInit        system_lpc17xx.o
    0x000038c4   0x000038c4   0x00000028   Code   RO         2402    i.__ARM_fpclassify  m_ws.l(fpclassify.o)
    0x000038ec   0x000038ec   0x0000001c   Code   RO          491    i.__NVIC_ClearPendingIRQ  ssp_lpc17xx.o
    0x00003908   0x00003908   0x0000001c   Code   RO          678    i.__NVIC_ClearPendingIRQ  i2c_lpc17xx.o
    0x00003924   0x00003924   0x0000001c   Code   RO          843    i.__NVIC_ClearPendingIRQ  gpdma_lpc17xx.o
    0x00003940   0x00003940   0x0000003c   Code   RO          679    i.__NVIC_DisableIRQ  i2c_lpc17xx.o
    0x0000397c   0x0000397c   0x0000001a   Code   RO          680    i.__NVIC_EnableIRQ  i2c_lpc17xx.o
    0x00003996   0x00003996   0x00000046   Code   RO         2149    i._init_box         RTX_CM3.lib(rt_membox.o)
    0x000039dc   0x000039dc   0x00000020   Code   RO          405    i._mutex_acquire    rtx_conf_cm.o
    0x000039fc   0x000039fc   0x0000001c   Code   RO          407    i._mutex_release    rtx_conf_cm.o
    0x00003a18   0x00003a18   0x000000a0   Code   RO          171    i.copy_to_lcd       ldc.o
    0x00003ab8   0x00003ab8   0x00000030   Code   RO         2202    i.dbg_init          RTX_CM3.lib(hal_cm.o)
    0x00003ae8   0x00003ae8   0x00000020   Code   RO         2203    i.dbg_task_notify   RTX_CM3.lib(hal_cm.o)
    0x00003b08   0x00003b08   0x00000010   Code   RO         2204    i.dbg_task_switch   RTX_CM3.lib(hal_cm.o)
    0x00003b18   0x00003b18   0x00000018   Code   RO          172    i.empezar           ldc.o
    0x00003b30   0x00003b30   0x000000a0   Code   RO          296    i.getData           sensortemp.o
    0x00003bd0   0x00003bd0   0x0000007c   Code   RO          173    i.init_lcd          ldc.o
    0x00003c4c   0x00003c4c   0x0000002a   Code   RO         1058    i.isrMessageGet     RTX_CM3.lib(rt_cmsis.o)
    0x00003c76   0x00003c76   0x0000002c   Code   RO         1059    i.isrMessagePut     RTX_CM3.lib(rt_cmsis.o)
    0x00003ca2   0x00003ca2   0x00000024   Code   RO         1061    i.isrSignalSet      RTX_CM3.lib(rt_cmsis.o)
    0x00003cc6   0x00003cc6   0x00000002   PAD
    0x00003cc8   0x00003cc8   0x00000028   Code   RO         1886    i.isr_evt_set       RTX_CM3.lib(rt_event.o)
    0x00003cf0   0x00003cf0   0x00000056   Code   RO         2004    i.isr_mbx_receive   RTX_CM3.lib(rt_mailbox.o)
    0x00003d46   0x00003d46   0x0000000e   Code   RO         2005    i.isr_mbx_send      RTX_CM3.lib(rt_mailbox.o)
    0x00003d54   0x00003d54   0x0000000c   Code   RO          255    i.larga_Callback    joystick.o
    0x00003d60   0x00003d60   0x00000068   Code   RO            5    i.lcd               thread.o
    0x00003dc8   0x00003dc8   0x0000001a   Code   RO          127    i.main              main.o
    0x00003de2   0x00003de2   0x00000002   PAD
    0x00003de4   0x00003de4   0x00000024   Code   RO         1063    i.osKernelInitialize  RTX_CM3.lib(rt_cmsis.o)
    0x00003e08   0x00003e08   0x0000006c   Code   RO         1065    i.osKernelStart     RTX_CM3.lib(rt_cmsis.o)
    0x00003e74   0x00003e74   0x00000018   Code   RO         1074    i.osMessageGet      RTX_CM3.lib(rt_cmsis.o)
    0x00003e8c   0x00003e8c   0x00000018   Code   RO         1088    i.osSignalClear     RTX_CM3.lib(rt_cmsis.o)
    0x00003ea4   0x00003ea4   0x00000018   Code   RO         1089    i.osSignalSet       RTX_CM3.lib(rt_cmsis.o)
    0x00003ebc   0x00003ebc   0x00000018   Code   RO         1090    i.osSignalWait      RTX_CM3.lib(rt_cmsis.o)
    0x00003ed4   0x00003ed4   0x0000002c   Code   RO         1091    i.osThreadCreate    RTX_CM3.lib(rt_cmsis.o)
    0x00003f00   0x00003f00   0x00000018   Code   RO         1092    i.osThreadExit      RTX_CM3.lib(rt_cmsis.o)
    0x00003f18   0x00003f18   0x0000000c   Code   RO         1098    i.osTimerCall       RTX_CM3.lib(rt_cmsis.o)
    0x00003f24   0x00003f24   0x0000002c   Code   RO         1099    i.osTimerCreate     RTX_CM3.lib(rt_cmsis.o)
    0x00003f50   0x00003f50   0x00000018   Code   RO         1101    i.osTimerStart      RTX_CM3.lib(rt_cmsis.o)
    0x00003f68   0x00003f68   0x0000002c   Code   RO         1103    i.osTimerThread     RTX_CM3.lib(rt_cmsis.o)
    0x00003f94   0x00003f94   0x00000022   Code   RO          408    i.os_error          rtx_conf_cm.o
    0x00003fb6   0x00003fb6   0x00000004   Code   RO          409    i.os_idle_demon     rtx_conf_cm.o
    0x00003fba   0x00003fba   0x00000002   PAD
    0x00003fbc   0x00003fbc   0x00000028   Code   RO         1796    i.os_tick_init      RTX_CM3.lib(rt_system.o)
    0x00003fe4   0x00003fe4   0x00000002   Code   RO         1797    i.os_tick_irqack    RTX_CM3.lib(rt_system.o)
    0x00003fe6   0x00003fe6   0x00000002   PAD
    0x00003fe8   0x00003fe8   0x00000014   Code   RO            6    i.rebote_Callback   thread.o
    0x00003ffc   0x00003ffc   0x00000026   Code   RO          174    i.reset_lcd         ldc.o
    0x00004022   0x00004022   0x00000002   PAD
    0x00004024   0x00004024   0x00000028   Code   RO          175    i.retardo_us        ldc.o
    0x0000404c   0x0000404c   0x0000001a   Code   RO         2150    i.rt_alloc_box      RTX_CM3.lib(rt_membox.o)
    0x00004066   0x00004066   0x0000003e   Code   RO         2178    i.rt_alloc_mem      RTX_CM3.lib(rt_memory.o)
    0x000040a4   0x000040a4   0x00000038   Code   RO         1677    i.rt_block          RTX_CM3.lib(rt_task.o)
    0x000040dc   0x000040dc   0x00000048   Code   RO         2127    i.rt_chk_robin      RTX_CM3.lib(rt_robin.o)
    0x00004124   0x00004124   0x00000070   Code   RO         1928    i.rt_dec_dly        RTX_CM3.lib(rt_list.o)
    0x00004194   0x00004194   0x00000044   Code   RO         1678    i.rt_dispatch       RTX_CM3.lib(rt_task.o)
    0x000041d8   0x000041d8   0x0000001c   Code   RO         1887    i.rt_evt_clr        RTX_CM3.lib(rt_event.o)
    0x000041f4   0x000041f4   0x00000050   Code   RO         1889    i.rt_evt_psh        RTX_CM3.lib(rt_event.o)
    0x00004244   0x00004244   0x0000005c   Code   RO         1890    i.rt_evt_set        RTX_CM3.lib(rt_event.o)
    0x000042a0   0x000042a0   0x0000003c   Code   RO         1891    i.rt_evt_wait       RTX_CM3.lib(rt_event.o)
    0x000042dc   0x000042dc   0x0000002c   Code   RO         2151    i.rt_free_box       RTX_CM3.lib(rt_membox.o)
    0x00004308   0x00004308   0x00000028   Code   RO         2179    i.rt_free_mem       RTX_CM3.lib(rt_memory.o)
    0x00004330   0x00004330   0x00000028   Code   RO         1929    i.rt_get_first      RTX_CM3.lib(rt_list.o)
    0x00004358   0x00004358   0x00000008   Code   RO         1108    i.rt_id2obj         RTX_CM3.lib(rt_cmsis.o)
    0x00004360   0x00004360   0x00000048   Code   RO         1679    i.rt_init_context   RTX_CM3.lib(rt_task.o)
    0x000043a8   0x000043a8   0x0000001a   Code   RO         2180    i.rt_init_mem       RTX_CM3.lib(rt_memory.o)
    0x000043c2   0x000043c2   0x00000002   PAD
    0x000043c4   0x000043c4   0x00000018   Code   RO         2128    i.rt_init_robin     RTX_CM3.lib(rt_robin.o)
    0x000043dc   0x000043dc   0x00000080   Code   RO         2205    i.rt_init_stack     RTX_CM3.lib(hal_cm.o)
    0x0000445c   0x0000445c   0x00000008   Code   RO         2006    i.rt_mbx_check      RTX_CM3.lib(rt_mailbox.o)
    0x00004464   0x00004464   0x0000001a   Code   RO         2007    i.rt_mbx_init       RTX_CM3.lib(rt_mailbox.o)
    0x0000447e   0x0000447e   0x00000002   PAD
    0x00004480   0x00004480   0x000000f0   Code   RO         2008    i.rt_mbx_psh        RTX_CM3.lib(rt_mailbox.o)
    0x00004570   0x00004570   0x000000b4   Code   RO         2010    i.rt_mbx_wait       RTX_CM3.lib(rt_mailbox.o)
    0x00004624   0x00004624   0x00000044   Code   RO         1109    i.rt_ms2tick        RTX_CM3.lib(rt_cmsis.o)
    0x00004668   0x00004668   0x000000d8   Code   RO         1763    i.rt_mut_release    RTX_CM3.lib(rt_mutex.o)
    0x00004740   0x00004740   0x00000078   Code   RO         1764    i.rt_mut_wait       RTX_CM3.lib(rt_mutex.o)
    0x000047b8   0x000047b8   0x0000007c   Code   RO         1800    i.rt_pop_req        RTX_CM3.lib(rt_system.o)
    0x00004834   0x00004834   0x00000020   Code   RO         1801    i.rt_psh_req        RTX_CM3.lib(rt_system.o)
    0x00004854   0x00004854   0x0000005c   Code   RO         1931    i.rt_psq_enq        RTX_CM3.lib(rt_list.o)
    0x000048b0   0x000048b0   0x00000048   Code   RO         1932    i.rt_put_dly        RTX_CM3.lib(rt_list.o)
    0x000048f8   0x000048f8   0x00000036   Code   RO         1933    i.rt_put_prio       RTX_CM3.lib(rt_list.o)
    0x0000492e   0x0000492e   0x00000002   PAD
    0x00004930   0x00004930   0x00000014   Code   RO         1934    i.rt_put_rdy_first  RTX_CM3.lib(rt_list.o)
    0x00004944   0x00004944   0x00000034   Code   RO         1935    i.rt_resort_prio    RTX_CM3.lib(rt_list.o)
    0x00004978   0x00004978   0x00000006   Code   RO         2206    i.rt_ret_val        RTX_CM3.lib(hal_cm.o)
    0x0000497e   0x0000497e   0x00000008   Code   RO         2207    i.rt_ret_val2       RTX_CM3.lib(hal_cm.o)
    0x00004986   0x00004986   0x00000028   Code   RO         1936    i.rt_rmv_dly        RTX_CM3.lib(rt_list.o)
    0x000049ae   0x000049ae   0x00000002   PAD
    0x000049b0   0x000049b0   0x00000030   Code   RO         1937    i.rt_rmv_list       RTX_CM3.lib(rt_list.o)
    0x000049e0   0x000049e0   0x00000034   Code   RO         2055    i.rt_sem_psh        RTX_CM3.lib(rt_semaphore.o)
    0x00004a14   0x00004a14   0x00000024   Code   RO         1803    i.rt_stk_check      RTX_CM3.lib(rt_system.o)
    0x00004a38   0x00004a38   0x00000028   Code   RO         1680    i.rt_switch_req     RTX_CM3.lib(rt_task.o)
    0x00004a60   0x00004a60   0x000000cc   Code   RO         1681    i.rt_sys_init       RTX_CM3.lib(rt_task.o)
    0x00004b2c   0x00004b2c   0x00000078   Code   RO         1682    i.rt_sys_start      RTX_CM3.lib(rt_task.o)
    0x00004ba4   0x00004ba4   0x00000040   Code   RO         1805    i.rt_systick        RTX_CM3.lib(rt_system.o)
    0x00004be4   0x00004be4   0x00000012   Code   RO         1110    i.rt_tid2ptcb       RTX_CM3.lib(rt_cmsis.o)
    0x00004bf6   0x00004bf6   0x00000002   PAD
    0x00004bf8   0x00004bf8   0x00000034   Code   RO         1111    i.rt_timer_insert   RTX_CM3.lib(rt_cmsis.o)
    0x00004c2c   0x00004c2c   0x0000003c   Code   RO         1112    i.rt_timer_remove   RTX_CM3.lib(rt_cmsis.o)
    0x00004c68   0x00004c68   0x00000088   Code   RO         1683    i.rt_tsk_create     RTX_CM3.lib(rt_task.o)
    0x00004cf0   0x00004cf0   0x0000017c   Code   RO         1684    i.rt_tsk_delete     RTX_CM3.lib(rt_task.o)
    0x00004e6c   0x00004e6c   0x0000007c   Code   RO         1686    i.rt_tsk_prio       RTX_CM3.lib(rt_task.o)
    0x00004ee8   0x00004ee8   0x00000010   Code   RO         1687    i.rt_tsk_self       RTX_CM3.lib(rt_task.o)
    0x00004ef8   0x00004ef8   0x00000160   Code   RO            8    i.state             thread.o
    0x00005058   0x00005058   0x00000070   Code   RO         1114    i.svcKernelInitialize  RTX_CM3.lib(rt_cmsis.o)
    0x000050c8   0x000050c8   0x00000048   Code   RO         1116    i.svcKernelStart    RTX_CM3.lib(rt_cmsis.o)
    0x00005110   0x00005110   0x00000024   Code   RO         1119    i.svcMessageCreate  RTX_CM3.lib(rt_cmsis.o)
    0x00005134   0x00005134   0x0000003a   Code   RO         1120    i.svcMessageGet     RTX_CM3.lib(rt_cmsis.o)
    0x0000516e   0x0000516e   0x00000024   Code   RO         1131    i.svcSignalClear    RTX_CM3.lib(rt_cmsis.o)
    0x00005192   0x00005192   0x00000024   Code   RO         1132    i.svcSignalSet      RTX_CM3.lib(rt_cmsis.o)
    0x000051b6   0x000051b6   0x00000002   PAD
    0x000051b8   0x000051b8   0x00000054   Code   RO         1133    i.svcSignalWait     RTX_CM3.lib(rt_cmsis.o)
    0x0000520c   0x0000520c   0x0000006c   Code   RO         1134    i.svcThreadCreate   RTX_CM3.lib(rt_cmsis.o)
    0x00005278   0x00005278   0x0000001c   Code   RO         1135    i.svcThreadGetId    RTX_CM3.lib(rt_cmsis.o)
    0x00005294   0x00005294   0x00000038   Code   RO         1138    i.svcThreadTerminate  RTX_CM3.lib(rt_cmsis.o)
    0x000052cc   0x000052cc   0x00000018   Code   RO         1140    i.svcTimerCall      RTX_CM3.lib(rt_cmsis.o)
    0x000052e4   0x000052e4   0x00000038   Code   RO         1141    i.svcTimerCreate    RTX_CM3.lib(rt_cmsis.o)
    0x0000531c   0x0000531c   0x00000064   Code   RO         1143    i.svcTimerStart     RTX_CM3.lib(rt_cmsis.o)
    0x00005380   0x00005380   0x0000005c   Code   RO         1149    i.sysTimerTick      RTX_CM3.lib(rt_cmsis.o)
    0x000053dc   0x000053dc   0x00000034   Code   RO          176    i.wr_cmd            ldc.o
    0x00005410   0x00005410   0x00000034   Code   RO          177    i.wr_data           ldc.o
    0x00005444   0x00005444   0x0000002c   Code   RO         2398    locale$$code        c_w.l(lc_numeric_c.o)
    0x00005470   0x00005470   0x00000026   Code   RO         2306    x$fpl$dfltu         fz_ws.l(dflt_clz.o)
    0x00005496   0x00005496   0x00000002   PAD
    0x00005498   0x00005498   0x00000154   Code   RO         2312    x$fpl$dmul          fz_ws.l(dmul.o)
    0x000055ec   0x000055ec   0x0000009c   Code   RO         2330    x$fpl$dnaninf       fz_ws.l(dnaninf.o)
    0x00005688   0x00005688   0x0000000c   Code   RO         2332    x$fpl$dretinf       fz_ws.l(dretinf.o)
    0x00005694   0x00005694   0x00000004   Code   RO         2314    x$fpl$printf1       fz_ws.l(printf1.o)
    0x00005698   0x00005698   0x00000000   Code   RO         2334    x$fpl$usenofp       fz_ws.l(usenofp.o)
    0x00005698   0x00005698   0x00000028   Data   RO           10    .constdata          thread.o
    0x000056c0   0x000056c0   0x00000960   Data   RO          179    .constdata          ldc.o
    0x00006020   0x00006020   0x00000008   Data   RO          257    .constdata          joystick.o
    0x00006028   0x00006028   0x00000068   Data   RO          411    .constdata          rtx_conf_cm.o
    0x00006090   0x00006090   0x0000007c   Data   RO          493    .constdata          ssp_lpc17xx.o
    0x0000610c   0x0000610c   0x00000064   Data   RO          682    .constdata          i2c_lpc17xx.o
    0x00006170   0x00006170   0x00000094   Data   RO         2373    .constdata          c_w.l(bigflt0.o)
    0x00006204   0x00006204   0x00000030   Data   RO         2532    Region$$Table       anon$$obj.o
    0x00006234   0x00006234   0x0000001c   Data   RO         2397    locale$$data        c_w.l(lc_numeric_c.o)


    Execution Region RW_IRAM1 (Exec base: 0x10000000, Load base: 0x00006250, Size: 0x00000bc8, Max: 0x00008000, ABSOLUTE)

    Exec Addr    Load Addr    Size         Type   Attr      Idx    E Section Name        Object

    0x10000000        -       0x00000bc8   Zero   RW          410    .bss                rtx_conf_cm.o


    Execution Region RW_IRAM2 (Exec base: 0x2007c000, Load base: 0x00006250, Size: 0x00000680, Max: 0x00008000, ABSOLUTE)

    Exec Addr    Load Addr    Size         Type   Attr      Idx    E Section Name        Object

    0x2007c000   0x00006250   0x00000012   Data   RW           11    .data               thread.o
    0x2007c012   0x00006262   0x00000002   PAD
    0x2007c014   0x00006264   0x00000014   Data   RW          180    .data               ldc.o
    0x2007c028   0x00006278   0x00000005   Data   RW          258    .data               joystick.o
    0x2007c02d   0x0000627d   0x00000003   PAD
    0x2007c030   0x00006280   0x00000004   Data   RW          297    .data               sensortemp.o
    0x2007c034   0x00006284   0x00000014   Data   RW          412    .data               rtx_conf_cm.o
    0x2007c048   0x00006298   0x0000000c   Data   RW          494    .data               ssp_lpc17xx.o
    0x2007c054   0x000062a4   0x00000004   Data   RW          683    .data               i2c_lpc17xx.o
    0x2007c058   0x000062a8   0x00000008   Data   RW          845    .data               gpdma_lpc17xx.o
    0x2007c060   0x000062b0   0x00000004   Data   RW         1024    .data               system_lpc17xx.o
    0x2007c064   0x000062b4   0x00000008   Data   RW         1152    .data               RTX_CM3.lib(rt_cmsis.o)
    0x2007c06c   0x000062bc   0x00000008   Data   RW         1689    .data               RTX_CM3.lib(rt_task.o)
    0x2007c074   0x000062c4   0x00000008   Data   RW         1808    .data               RTX_CM3.lib(rt_system.o)
    0x2007c07c   0x000062cc   0x00000004   Data   RW         2098    .data               RTX_CM3.lib(rt_time.o)
    0x2007c080   0x000062d0   0x00000008   Data   RW         2129    .data               RTX_CM3.lib(rt_robin.o)
    0x2007c088   0x000062d8   0x00000001   Data   RW         2208    .data               RTX_CM3.lib(hal_cm.o)
    0x2007c089   0x000062d9   0x00000003   PAD
    0x2007c08c        -       0x00000027   Zero   RW            9    .bss                thread.o
    0x2007c0b3        -       0x00000200   Zero   RW          178    .bss                ldc.o
    0x2007c2b3   0x000062d9   0x00000001   PAD
    0x2007c2b4        -       0x00000018   Zero   RW          256    .bss                joystick.o
    0x2007c2cc        -       0x00000028   Zero   RW          492    .bss                ssp_lpc17xx.o
    0x2007c2f4        -       0x00000024   Zero   RW          681    .bss                i2c_lpc17xx.o
    0x2007c318        -       0x000000a0   Zero   RW          844    .bss                gpdma_lpc17xx.o
    0x2007c3b8        -       0x00000034   Zero   RW         1688    .bss                RTX_CM3.lib(rt_task.o)
    0x2007c3ec        -       0x00000030   Zero   RW         1938    .bss                RTX_CM3.lib(rt_list.o)
    0x2007c41c        -       0x00000060   Zero   RW         2266    .bss                c_w.l(libspace.o)
    0x2007c47c   0x000062d9   0x00000004   PAD
    0x2007c480        -       0x00000000   Zero   RW         1010    HEAP                startup_lpc17xx.o
    0x2007c480        -       0x00000200   Zero   RW         1009    STACK               startup_lpc17xx.o


==============================================================================

Image component sizes


      Code (inc. data)   RO Data    RW Data    ZI Data      Debug   Object Name

      1204         94          0          8        160       8086   gpdma_lpc17xx.o
        96          8          0          0          0       1202   gpio_lpc17xx.o
      2924        132        100          4         36      48064   i2c_lpc17xx.o
       528         36          8          5         24       2179   joystick.o
       682         64       2400         20        512       5680   ldc.o
        26          0          0          0          0       2367   main.o
       284         10          0          0          0       1464   pin_lpc17xx.o
       126         26        104         20       3016       9027   rtx_conf_cm.o
       212         14          0          4          0       1519   sensortemp.o
      3896        106        124         12         40      52983   ssp_lpc17xx.o
        64         26        204          0        512        992   startup_lpc17xx.o
       320         18          0          4          0        799   system_lpc17xx.o
       628         64         40         18         39      61201   thread.o

    ----------------------------------------------------------------------
     11002        598       3028        100       4340     195563   Object Totals
         0          0         48          0          0          0   (incl. Generated)
        12          0          0          5          1          0   (incl. Padding)

    ----------------------------------------------------------------------

      Code (inc. data)   RO Data    RW Data    ZI Data      Debug   Library Member Name

       238         24          0          1          0       3312   hal_cm.o
       304         36          0          0          0        768   hal_cm3.o
      1658        184          0          8          0      39922   rt_cmsis.o
       300         24          0          0          0       3183   rt_event.o
       530         34          0          0         48       8253   rt_list.o
       554         10          0          0          0       3949   rt_mailbox.o
       140          0          0          0          0       1925   rt_membox.o
       128          0          0          0          0       2307   rt_memory.o
       336         14          0          0          0       1643   rt_mutex.o
        96         22          0          8          0       1158   rt_robin.o
        52          4          0          0          0        573   rt_semaphore.o
       298         52          0          8          0       6223   rt_system.o
      1216        174          0          8         52       9649   rt_task.o
         0          0          0          4          0        214   rt_time.o
         4          4          0          0          0        208   svc_table.o
         8          0          0          0          0         68   __main.o
       104          0          0          0          0         84   __printf.o
         0          0          0          0          0          0   __rtentry.o
        20          0          0          0          0          0   __rtentry2.o
         6          0          0          0          0          0   __rtentry4.o
        52          8          0          0          0          0   __scatter.o
        26          0          0          0          0          0   __scatter_copy.o
        28          0          0          0          0          0   __scatter_zi.o
        48          6          0          0          0         96   _printf_char_common.o
         6          0          0          0          0          0   _printf_f.o
      1054          0          0          0          0        216   _printf_fp_dec.o
       128         16          0          0          0         84   _printf_fp_infnan.o
         0          0          0          0          0          0   _printf_percent.o
         4          0          0          0          0          0   _printf_percent_end.o
        10          0          0          0          0         68   _sputc.o
       228          4        148          0          0         96   bigflt0.o
      1936        128          0          0          0        672   btod.o
        18          0          0          0          0         80   exit.o
         6          0          0          0          0        152   heapauxi.o
         0          0          0          0          0          0   indicate_semi.o
        44         10         28          0          0         76   lc_numeric_c.o
         2          0          0          0          0          0   libinit.o
        18          0          0          0          0          0   libinit2.o
         2          0          0          0          0          0   libshutdown.o
         2          0          0          0          0          0   libshutdown2.o
         8          4          0          0         96         68   libspace.o
       138          0          0          0          0         80   lludiv10.o
       238          0          0          0          0        100   lludivv7m.o
        40          6          0          0          0         84   noretval__2sprintf.o
        10          0          0          0          0         76   rt_locale_twolibspace.o
        78          0          0          0          0         80   rt_memclr_w.o
         2          0          0          0          0          0   rtexit.o
        10          0          0          0          0          0   rtexit2.o
       128          0          0          0          0         68   strcmpv7m.o
        12          4          0          0          0         68   sys_exit.o
        74          0          0          0          0         80   sys_stackheap_outer.o
         2          0          0          0          0         68   use_no_semi.o
        38          0          0          0          0         68   dflt_clz.o
       340         12          0          0          0        104   dmul.o
       156          4          0          0          0         92   dnaninf.o
        12          0          0          0          0         68   dretinf.o
         4          0          0          0          0         68   printf1.o
         0          0          0          0          0          0   usenofp.o
        40          0          0          0          0         68   fpclassify.o

    ----------------------------------------------------------------------
     10962        784        176         40        200      86219   Library Totals
        28          0          0          3          4          0   (incl. Padding)

    ----------------------------------------------------------------------

      Code (inc. data)   RO Data    RW Data    ZI Data      Debug   Library Name

      5854        582          0         37        100      83287   RTX_CM3.lib
      4490        186        176          0         96       2464   c_w.l
       550         16          0          0          0        400   fz_ws.l
        40          0          0          0          0         68   m_ws.l

    ----------------------------------------------------------------------
     10962        784        176         40        200      86219   Library Totals

    ----------------------------------------------------------------------

==============================================================================


      Code (inc. data)   RO Data    RW Data    ZI Data      Debug   

     21964       1382       3204        140       4540     271014   Grand Totals
     21964       1382       3204        140       4540     271014   ELF Image Totals
     21964       1382       3204        140          0          0   ROM Totals

==============================================================================

    Total RO  Size (Code + RO Data)                25168 (  24.58kB)
    Total RW  Size (RW Data + ZI Data)              4680 (   4.57kB)
    Total ROM Size (Code + RO Data + RW Data)      25308 (  24.71kB)

==============================================================================

